
hello.o:     file format elf32-littlearm


Disassembly of section .text:

00000000 <__isr_vector>:
   0:	18003c00 	.word	0x18003c00
   4:	00000189 	.word	0x00000189
   8:	000001cd 	.word	0x000001cd
   c:	000001cf 	.word	0x000001cf
	...
  2c:	000001d7 	.word	0x000001d7
	...
  38:	000001db 	.word	0x000001db
  3c:	000001dd 	.word	0x000001dd
  40:	000001df 	.word	0x000001df
  44:	000001e1 	.word	0x000001e1
  48:	000001e3 	.word	0x000001e3
  4c:	000001e5 	.word	0x000001e5
  50:	000001e7 	.word	0x000001e7
  54:	000001e9 	.word	0x000001e9
  58:	000001eb 	.word	0x000001eb
  5c:	000001ed 	.word	0x000001ed
  60:	000001ef 	.word	0x000001ef
  64:	000001f1 	.word	0x000001f1
  68:	000001f3 	.word	0x000001f3
  6c:	000001f5 	.word	0x000001f5
  70:	000001f7 	.word	0x000001f7
  74:	000001f9 	.word	0x000001f9
  78:	000001fb 	.word	0x000001fb
  7c:	000001fd 	.word	0x000001fd
  80:	000001ff 	.word	0x000001ff
  84:	00000201 	.word	0x00000201
  88:	00000203 	.word	0x00000203
  8c:	00000205 	.word	0x00000205
  90:	00000207 	.word	0x00000207
  94:	00000209 	.word	0x00000209
  98:	0000020b 	.word	0x0000020b
  9c:	0000020d 	.word	0x0000020d
  a0:	0000020f 	.word	0x0000020f
  a4:	00000211 	.word	0x00000211
  a8:	00000213 	.word	0x00000213
  ac:	00000215 	.word	0x00000215
  b0:	00000217 	.word	0x00000217
  b4:	00000219 	.word	0x00000219
  b8:	0000021b 	.word	0x0000021b
  bc:	0000021d 	.word	0x0000021d

000000c0 <__do_global_dtors_aux>:
  c0:	b510      	push	{r4, lr}
  c2:	4c06      	ldr	r4, [pc, #24]	; (dc <__do_global_dtors_aux+0x1c>)
  c4:	7823      	ldrb	r3, [r4, #0]
  c6:	2b00      	cmp	r3, #0
  c8:	d107      	bne.n	da <__do_global_dtors_aux+0x1a>
  ca:	4b05      	ldr	r3, [pc, #20]	; (e0 <__do_global_dtors_aux+0x20>)
  cc:	2b00      	cmp	r3, #0
  ce:	d002      	beq.n	d6 <__do_global_dtors_aux+0x16>
  d0:	4804      	ldr	r0, [pc, #16]	; (e4 <__do_global_dtors_aux+0x24>)
  d2:	e000      	b.n	d6 <__do_global_dtors_aux+0x16>
  d4:	bf00      	nop
  d6:	2301      	movs	r3, #1
  d8:	7023      	strb	r3, [r4, #0]
  da:	bd10      	pop	{r4, pc}
  dc:	18000074 	.word	0x18000074
  e0:	00000000 	.word	0x00000000
  e4:	00000f88 	.word	0x00000f88

000000e8 <frame_dummy>:
  e8:	4b04      	ldr	r3, [pc, #16]	; (fc <frame_dummy+0x14>)
  ea:	b510      	push	{r4, lr}
  ec:	2b00      	cmp	r3, #0
  ee:	d003      	beq.n	f8 <frame_dummy+0x10>
  f0:	4903      	ldr	r1, [pc, #12]	; (100 <frame_dummy+0x18>)
  f2:	4804      	ldr	r0, [pc, #16]	; (104 <frame_dummy+0x1c>)
  f4:	e000      	b.n	f8 <frame_dummy+0x10>
  f6:	bf00      	nop
  f8:	bd10      	pop	{r4, pc}
  fa:	46c0      	nop			; (mov r8, r8)
  fc:	00000000 	.word	0x00000000
 100:	18000078 	.word	0x18000078
 104:	00000f88 	.word	0x00000f88

00000108 <_stack_init>:
 108:	2240      	movs	r2, #64	; 0x40
 10a:	0292      	lsls	r2, r2, #10
 10c:	1a9a      	subs	r2, r3, r2
 10e:	4692      	mov	sl, r2
 110:	4770      	bx	lr
 112:	46c0      	nop			; (mov r8, r8)

00000114 <_mainCRTStartup>:
 114:	4b17      	ldr	r3, [pc, #92]	; (174 <_mainCRTStartup+0x60>)
 116:	2b00      	cmp	r3, #0
 118:	d100      	bne.n	11c <_mainCRTStartup+0x8>
 11a:	4b13      	ldr	r3, [pc, #76]	; (168 <_mainCRTStartup+0x54>)
 11c:	469d      	mov	sp, r3
 11e:	f7ff fff3 	bl	108 <_stack_init>
 122:	2100      	movs	r1, #0
 124:	468b      	mov	fp, r1
 126:	460f      	mov	r7, r1
 128:	4813      	ldr	r0, [pc, #76]	; (178 <_mainCRTStartup+0x64>)
 12a:	4a14      	ldr	r2, [pc, #80]	; (17c <_mainCRTStartup+0x68>)
 12c:	1a12      	subs	r2, r2, r0
 12e:	f000 f953 	bl	3d8 <memset>
 132:	4b0e      	ldr	r3, [pc, #56]	; (16c <_mainCRTStartup+0x58>)
 134:	2b00      	cmp	r3, #0
 136:	d000      	beq.n	13a <_mainCRTStartup+0x26>
 138:	4798      	blx	r3
 13a:	4b0d      	ldr	r3, [pc, #52]	; (170 <_mainCRTStartup+0x5c>)
 13c:	2b00      	cmp	r3, #0
 13e:	d000      	beq.n	142 <_mainCRTStartup+0x2e>
 140:	4798      	blx	r3
 142:	2000      	movs	r0, #0
 144:	2100      	movs	r1, #0
 146:	0004      	movs	r4, r0
 148:	000d      	movs	r5, r1
 14a:	480d      	ldr	r0, [pc, #52]	; (180 <_mainCRTStartup+0x6c>)
 14c:	2800      	cmp	r0, #0
 14e:	d002      	beq.n	156 <_mainCRTStartup+0x42>
 150:	480c      	ldr	r0, [pc, #48]	; (184 <_mainCRTStartup+0x70>)
 152:	e000      	b.n	156 <_mainCRTStartup+0x42>
 154:	bf00      	nop
 156:	f000 f91b 	bl	390 <__libc_init_array>
 15a:	0020      	movs	r0, r4
 15c:	0029      	movs	r1, r5
 15e:	f000 f85f 	bl	220 <main>
 162:	f000 f8ff 	bl	364 <exit>
 166:	46c0      	nop			; (mov r8, r8)
 168:	00080000 	.word	0x00080000
	...
 174:	18003c00 	.word	0x18003c00
 178:	18000074 	.word	0x18000074
 17c:	180000a4 	.word	0x180000a4
	...

00000188 <Reset_Handler>:
 *      linker script.
 *      __etext: End of code section, i.e., begin of data sections to copy from.
 *      __data_start__/__data_end__: RAM address range that data should be
 *      copied to. Both must be aligned to 4 bytes boundary.  */

    ldr    r1, =__etext
 188:	490a      	ldr	r1, [pc, #40]	; (1b4 <Reset_Handler+0x2c>)
    ldr    r2, =__data_start__
 18a:	4a0b      	ldr	r2, [pc, #44]	; (1b8 <Reset_Handler+0x30>)
    ldr    r3, =__data_end__
 18c:	4b0b      	ldr	r3, [pc, #44]	; (1bc <Reset_Handler+0x34>)

    subs    r3, r2
 18e:	1a9b      	subs	r3, r3, r2
    ble    .LC1
 190:	dd03      	ble.n	19a <Reset_Handler+0x12>
.LC0:
    subs    r3, #4
 192:	3b04      	subs	r3, #4
    ldr    r0, [r1, r3]
 194:	58c8      	ldr	r0, [r1, r3]
    str    r0, [r2, r3]
 196:	50d0      	str	r0, [r2, r3]
    bgt    .LC0
 198:	dcfb      	bgt.n	192 <Reset_Handler+0xa>
 *     Loop to zero out BSS section, which uses following symbols
 *     in linker script:
 *      __bss_start__: start of BSS section. Must align to 4
 *      __bss_end__: end of BSS section. Must align to 4
 */
    ldr r1, =__bss_start__
 19a:	4909      	ldr	r1, [pc, #36]	; (1c0 <Reset_Handler+0x38>)
    ldr r2, =__bss_end__
 19c:	4a09      	ldr	r2, [pc, #36]	; (1c4 <Reset_Handler+0x3c>)

    subs    r2, r1
 19e:	1a52      	subs	r2, r2, r1
    ble .LC3
 1a0:	dd03      	ble.n	1aa <Reset_Handler+0x22>

    movs    r0, 0
 1a2:	2000      	movs	r0, #0
.LC2:
    str r0, [r1, r2]
 1a4:	5088      	str	r0, [r1, r2]
    subs    r2, 4
 1a6:	3a04      	subs	r2, #4
    bge .LC2
 1a8:	dafc      	bge.n	1a4 <Reset_Handler+0x1c>
.LC3:
#endif /* __STARTUP_CLEAR_BSS */

#ifndef __NO_SYSTEM_INIT
    /* bl    SystemInit */
    ldr     r0,=SystemInit
 1aa:	4807      	ldr	r0, [pc, #28]	; (1c8 <Reset_Handler+0x40>)
    blx     r0
 1ac:	4780      	blx	r0
#endif

    bl    _start
 1ae:	f7ff ffb1 	bl	114 <_mainCRTStartup>
 1b2:	0000      	.short	0x0000
    ldr    r1, =__etext
 1b4:	00000f94 	.word	0x00000f94
    ldr    r2, =__data_start__
 1b8:	18000000 	.word	0x18000000
    ldr    r3, =__data_end__
 1bc:	18000074 	.word	0x18000074
    ldr r1, =__bss_start__
 1c0:	18000074 	.word	0x18000074
    ldr r2, =__bss_end__
 1c4:	180000a4 	.word	0x180000a4
    ldr     r0,=SystemInit
 1c8:	00000255 	.word	0x00000255

000001cc <NMI_Handler>:
    .size    \handler_name, . - \handler_name
    .endm

/* System Exception Handlers */

    def_default_handler    NMI_Handler
 1cc:	e7fe      	b.n	1cc <NMI_Handler>

000001ce <HardFault_Handler>:
    def_default_handler    HardFault_Handler
 1ce:	e7fe      	b.n	1ce <HardFault_Handler>

000001d0 <MemManage_Handler>:
    def_default_handler    MemManage_Handler
 1d0:	e7fe      	b.n	1d0 <MemManage_Handler>

000001d2 <BusFault_Handler>:
    def_default_handler    BusFault_Handler
 1d2:	e7fe      	b.n	1d2 <BusFault_Handler>

000001d4 <UsageFault_Handler>:
    def_default_handler    UsageFault_Handler
 1d4:	e7fe      	b.n	1d4 <UsageFault_Handler>

000001d6 <SVC_Handler>:
    def_default_handler    SVC_Handler
 1d6:	e7fe      	b.n	1d6 <SVC_Handler>

000001d8 <DebugMon_Handler>:
    def_default_handler    DebugMon_Handler
 1d8:	e7fe      	b.n	1d8 <DebugMon_Handler>

000001da <PendSV_Handler>:
    def_default_handler    PendSV_Handler
 1da:	e7fe      	b.n	1da <PendSV_Handler>

000001dc <SysTick_Handler>:
    def_default_handler    SysTick_Handler
 1dc:	e7fe      	b.n	1dc <SysTick_Handler>

000001de <UARTRX0_Handler>:

/* IRQ Handlers */

    def_default_handler    UARTRX0_Handler
 1de:	e7fe      	b.n	1de <UARTRX0_Handler>

000001e0 <UARTTX0_Handler>:
    def_default_handler    UARTTX0_Handler
 1e0:	e7fe      	b.n	1e0 <UARTTX0_Handler>

000001e2 <UARTRX1_Handler>:
    def_default_handler    UARTRX1_Handler
 1e2:	e7fe      	b.n	1e2 <UARTRX1_Handler>

000001e4 <UARTTX1_Handler>:
    def_default_handler    UARTTX1_Handler
 1e4:	e7fe      	b.n	1e4 <UARTTX1_Handler>

000001e6 <UARTRX2_Handler>:
    def_default_handler    UARTRX2_Handler
 1e6:	e7fe      	b.n	1e6 <UARTRX2_Handler>

000001e8 <UARTTX2_Handler>:
    def_default_handler    UARTTX2_Handler
 1e8:	e7fe      	b.n	1e8 <UARTTX2_Handler>

000001ea <PORT0_COMB_Handler>:
    def_default_handler    PORT0_COMB_Handler
 1ea:	e7fe      	b.n	1ea <PORT0_COMB_Handler>

000001ec <PORT1_COMB_Handler>:
    def_default_handler    PORT1_COMB_Handler
 1ec:	e7fe      	b.n	1ec <PORT1_COMB_Handler>

000001ee <TIMER0_Handler>:
    def_default_handler    TIMER0_Handler
 1ee:	e7fe      	b.n	1ee <TIMER0_Handler>

000001f0 <TIMER1_Handler>:
    def_default_handler    TIMER1_Handler
 1f0:	e7fe      	b.n	1f0 <TIMER1_Handler>

000001f2 <DUALTIMER_HANDLER>:
    def_default_handler    DUALTIMER_HANDLER
 1f2:	e7fe      	b.n	1f2 <DUALTIMER_HANDLER>

000001f4 <EXP0_Handler>:
    def_default_handler    EXP0_Handler
 1f4:	e7fe      	b.n	1f4 <EXP0_Handler>

000001f6 <EXP1_Handler>:
    def_default_handler    EXP1_Handler
 1f6:	e7fe      	b.n	1f6 <EXP1_Handler>

000001f8 <EXP2_Handler>:
    def_default_handler    EXP2_Handler
 1f8:	e7fe      	b.n	1f8 <EXP2_Handler>

000001fa <EXP3_Handler>:
    def_default_handler    EXP3_Handler
 1fa:	e7fe      	b.n	1fa <EXP3_Handler>

000001fc <DMA_Handler>:
    def_default_handler    DMA_Handler
 1fc:	e7fe      	b.n	1fc <DMA_Handler>

000001fe <PORT0_0_Handler>:
    def_default_handler    PORT0_0_Handler
 1fe:	e7fe      	b.n	1fe <PORT0_0_Handler>

00000200 <PORT0_1_Handler>:
    def_default_handler    PORT0_1_Handler
 200:	e7fe      	b.n	200 <PORT0_1_Handler>

00000202 <PORT0_2_Handler>:
    def_default_handler    PORT0_2_Handler
 202:	e7fe      	b.n	202 <PORT0_2_Handler>

00000204 <PORT0_3_Handler>:
    def_default_handler    PORT0_3_Handler
 204:	e7fe      	b.n	204 <PORT0_3_Handler>

00000206 <PORT0_4_Handler>:
    def_default_handler    PORT0_4_Handler
 206:	e7fe      	b.n	206 <PORT0_4_Handler>

00000208 <PORT0_5_Handler>:
    def_default_handler    PORT0_5_Handler
 208:	e7fe      	b.n	208 <PORT0_5_Handler>

0000020a <PORT0_6_Handler>:
    def_default_handler    PORT0_6_Handler
 20a:	e7fe      	b.n	20a <PORT0_6_Handler>

0000020c <PORT0_7_Handler>:
    def_default_handler    PORT0_7_Handler
 20c:	e7fe      	b.n	20c <PORT0_7_Handler>

0000020e <PORT0_8_Handler>:
    def_default_handler    PORT0_8_Handler
 20e:	e7fe      	b.n	20e <PORT0_8_Handler>

00000210 <PORT0_9_Handler>:
    def_default_handler    PORT0_9_Handler
 210:	e7fe      	b.n	210 <PORT0_9_Handler>

00000212 <PORT0_10_Handler>:
    def_default_handler    PORT0_10_Handler
 212:	e7fe      	b.n	212 <PORT0_10_Handler>

00000214 <PORT0_11_Handler>:
    def_default_handler    PORT0_11_Handler
 214:	e7fe      	b.n	214 <PORT0_11_Handler>

00000216 <PORT0_12_Handler>:
    def_default_handler    PORT0_12_Handler
 216:	e7fe      	b.n	216 <PORT0_12_Handler>

00000218 <PORT0_13_Handler>:
    def_default_handler    PORT0_13_Handler
 218:	e7fe      	b.n	218 <PORT0_13_Handler>

0000021a <PORT0_14_Handler>:
    def_default_handler    PORT0_14_Handler
 21a:	e7fe      	b.n	21a <PORT0_14_Handler>

0000021c <PORT0_15_Handler>:
    def_default_handler    PORT0_15_Handler
 21c:	e7fe      	b.n	21c <PORT0_15_Handler>
 21e:	46c0      	nop			; (mov r8, r8)

00000220 <main>:

#include <stdio.h>
#include "uart_stdout.h"

int main (void)
{
 220:	b510      	push	{r4, lr}
  // UART init
  UartStdOutInit();
 222:	f000 f82d 	bl	280 <UartStdOutInit>

  printf("Hello world\n");
 226:	4805      	ldr	r0, [pc, #20]	; (23c <main+0x1c>)
 228:	f000 f950 	bl	4cc <puts>

  printf("** TEST PASSED **\n");
 22c:	4804      	ldr	r0, [pc, #16]	; (240 <main+0x20>)
 22e:	f000 f94d 	bl	4cc <puts>

  // End simulation
  UartEndSimulation();
 232:	f000 f891 	bl	358 <UartEndSimulation>

  return 0;
}
 236:	2000      	movs	r0, #0
 238:	bd10      	pop	{r4, pc}
 23a:	46c0      	nop			; (mov r8, r8)
 23c:	00000f04 	.word	0x00000f04
 240:	00000f10 	.word	0x00000f10

00000244 <SystemCoreClockUpdate>:
 244:	4b01      	ldr	r3, [pc, #4]	; (24c <SystemCoreClockUpdate+0x8>)
 246:	4a02      	ldr	r2, [pc, #8]	; (250 <SystemCoreClockUpdate+0xc>)
 248:	601a      	str	r2, [r3, #0]
 24a:	4770      	bx	lr
 24c:	18000000 	.word	0x18000000
 250:	0e4e1c00 	.word	0x0e4e1c00

00000254 <SystemInit>:
 * @brief  Setup the microcontroller system.
 *         Initialize the System.
 */
void SystemInit (void)
{
  SystemCoreClock = XTAL;
 254:	4b01      	ldr	r3, [pc, #4]	; (25c <SystemInit+0x8>)
 256:	4a02      	ldr	r2, [pc, #8]	; (260 <SystemInit+0xc>)
 258:	601a      	str	r2, [r3, #0]
}
 25a:	4770      	bx	lr
 25c:	18000000 	.word	0x18000000
 260:	0e4e1c00 	.word	0x0e4e1c00

00000264 <_write>:
#include <sys/stat.h>

extern unsigned char UartPutc(unsigned char my_ch);

__attribute__ ((used))  int _write (int fd, char *ptr, int len)
{
 264:	b570      	push	{r4, r5, r6, lr}
 266:	1e16      	subs	r6, r2, #0
  size_t i;
  for (i=0; i<len;i++) {
 268:	d007      	beq.n	27a <_write+0x16>
 26a:	000c      	movs	r4, r1
 26c:	188d      	adds	r5, r1, r2
    UartPutc(ptr[i]); // call character output function
 26e:	7820      	ldrb	r0, [r4, #0]
  for (i=0; i<len;i++) {
 270:	3401      	adds	r4, #1
    UartPutc(ptr[i]); // call character output function
 272:	f000 f83f 	bl	2f4 <UartPutc>
  for (i=0; i<len;i++) {
 276:	42ac      	cmp	r4, r5
 278:	d1f9      	bne.n	26e <_write+0xa>
    }
  return len;
}
 27a:	0030      	movs	r0, r6
 27c:	bd70      	pop	{r4, r5, r6, pc}
 27e:	46c0      	nop			; (mov r8, r8)

00000280 <UartStdOutInit>:
#define BAUDRATE   38400
#define BAUDCLKDIV (CLKFREQ / BAUDRATE)

void UartStdOutInit(void)
{
  CMSDK_UART2->CTRL    = 0x00;       // disable whie reprogramming
 280:	2200      	movs	r2, #0
 282:	4b07      	ldr	r3, [pc, #28]	; (2a0 <UartStdOutInit+0x20>)
 284:	609a      	str	r2, [r3, #8]
  CMSDK_UART2->BAUDDIV = BAUDCLKDIV; // (240MHz/BAUDRATE) in 16.4 format
 286:	4a07      	ldr	r2, [pc, #28]	; (2a4 <UartStdOutInit+0x24>)
 288:	611a      	str	r2, [r3, #16]
  CMSDK_UART2->CTRL    = 0x01;       // TX, standard UART2
 28a:	2201      	movs	r2, #1
 28c:	609a      	str	r2, [r3, #8]
  CMSDK_USRT2->BAUDDIV = 0xf0;       // (prescaler value = ~((div+1)[7:0))
 28e:	4b06      	ldr	r3, [pc, #24]	; (2a8 <UartStdOutInit+0x28>)
 290:	32ef      	adds	r2, #239	; 0xef
 292:	611a      	str	r2, [r3, #16]
  CMSDK_USRT2->CTRL    = 0x03;       // RX+TX, FT1248 USRT
 294:	3aed      	subs	r2, #237	; 0xed
 296:	609a      	str	r2, [r3, #8]
  CMSDK_GPIO1->ALTFUNCSET = (1<<5);  // UART2 mapped to GP1[5,4]
 298:	4b04      	ldr	r3, [pc, #16]	; (2ac <UartStdOutInit+0x2c>)
 29a:	321d      	adds	r2, #29
 29c:	619a      	str	r2, [r3, #24]
  return;
}
 29e:	4770      	bx	lr
 2a0:	40006000 	.word	0x40006000
 2a4:	0000186a 	.word	0x0000186a
 2a8:	4000e000 	.word	0x4000e000
 2ac:	40011000 	.word	0x40011000

000002b0 <Uart2StdOutInit>:

void Uart2StdOutInit(void)
{
// ensure full character shift before reprogramming UART2
  CMSDK_DUALTIMER->Timer1Load = (11 * BAUDCLKDIV); // 10+1 x baud tick clock
 2b0:	4a0b      	ldr	r2, [pc, #44]	; (2e0 <Uart2StdOutInit+0x30>)
 2b2:	4b0c      	ldr	r3, [pc, #48]	; (2e4 <Uart2StdOutInit+0x34>)
  CMSDK_DUALTIMER->Timer1BGLoad = (10 * BAUDCLKDIV); // 10 x baud tick clock
  CMSDK_DUALTIMER->Timer1IntClr = 1;
  CMSDK_DUALTIMER->Timer1Control = 0xC3; // enable, periodic, 32-bit
  while ((CMSDK_DUALTIMER->Timer1RIS & 1)== 0) ; // wait until any UART character time
 2b4:	2101      	movs	r1, #1
  CMSDK_DUALTIMER->Timer1Load = (11 * BAUDCLKDIV); // 10+1 x baud tick clock
 2b6:	6013      	str	r3, [r2, #0]
  CMSDK_DUALTIMER->Timer1BGLoad = (10 * BAUDCLKDIV); // 10 x baud tick clock
 2b8:	4b0b      	ldr	r3, [pc, #44]	; (2e8 <Uart2StdOutInit+0x38>)
 2ba:	6193      	str	r3, [r2, #24]
  CMSDK_DUALTIMER->Timer1IntClr = 1;
 2bc:	2301      	movs	r3, #1
 2be:	60d3      	str	r3, [r2, #12]
  CMSDK_DUALTIMER->Timer1Control = 0xC3; // enable, periodic, 32-bit
 2c0:	33c2      	adds	r3, #194	; 0xc2
 2c2:	6093      	str	r3, [r2, #8]
  while ((CMSDK_DUALTIMER->Timer1RIS & 1)== 0) ; // wait until any UART character time
 2c4:	6913      	ldr	r3, [r2, #16]
 2c6:	4219      	tst	r1, r3
 2c8:	d0fc      	beq.n	2c4 <Uart2StdOutInit+0x14>
// reinitialize UART2
///  CMSDK_UART2->CTRL    = 0x00;       // disable whie reprogramming
///  CMSDK_UART2->BAUDDIV = BAUDCLKDIV; // (240MHz/BAUDRATE) in 16.4 format
///  CMSDK_UART2->CTRL    = 0x01;       // RX+TX, standard UART2
  CMSDK_GPIO1->ALTFUNCSET = (1<<5);  // UART2 mapped to GP1[5,4]
 2ca:	2220      	movs	r2, #32
 2cc:	4b07      	ldr	r3, [pc, #28]	; (2ec <Uart2StdOutInit+0x3c>)
 2ce:	619a      	str	r2, [r3, #24]
  CMSDK_USRT2->CTRL    = 0x00;       // RX+TX, FT1248 USRT disabled
 2d0:	2200      	movs	r2, #0
 2d2:	4b07      	ldr	r3, [pc, #28]	; (2f0 <Uart2StdOutInit+0x40>)
 2d4:	609a      	str	r2, [r3, #8]
  CMSDK_USRT2->BAUDDIV = 0xf0;       // (prescaler value = ~((div+1)[7:0))
 2d6:	32f0      	adds	r2, #240	; 0xf0
 2d8:	611a      	str	r2, [r3, #16]
  CMSDK_USRT2->CTRL    = 0x03;       // RX+TX, FT1248 USRT disabled
 2da:	3aed      	subs	r2, #237	; 0xed
 2dc:	609a      	str	r2, [r3, #8]
  return;
}
 2de:	4770      	bx	lr
 2e0:	40002000 	.word	0x40002000
 2e4:	00010c8e 	.word	0x00010c8e
 2e8:	0000f424 	.word	0x0000f424
 2ec:	40011000 	.word	0x40011000
 2f0:	4000e000 	.word	0x4000e000

000002f4 <UartPutc>:

// Output a character
unsigned char UartPutc(unsigned char my_ch)
{
  if ((CMSDK_USRT2->CTRL & 1)==0) {
 2f4:	4a09      	ldr	r2, [pc, #36]	; (31c <UartPutc+0x28>)
    while (CMSDK_UART2->STATE & 1); // Wait if Transmit Holding register full
    CMSDK_UART2->DATA = my_ch; // write to transmit holding register
    CMSDK_USRT2->DATA = my_ch; // (also write to transmit holding register)
  } else {
    while (CMSDK_USRT2->STATE & 1); // Wait if Transmit Holding register full
 2f6:	2101      	movs	r1, #1
  if ((CMSDK_USRT2->CTRL & 1)==0) {
 2f8:	6893      	ldr	r3, [r2, #8]
 2fa:	07db      	lsls	r3, r3, #31
 2fc:	d408      	bmi.n	310 <UartPutc+0x1c>
    while (CMSDK_UART2->STATE & 1); // Wait if Transmit Holding register full
 2fe:	2101      	movs	r1, #1
 300:	4a07      	ldr	r2, [pc, #28]	; (320 <UartPutc+0x2c>)
 302:	6853      	ldr	r3, [r2, #4]
 304:	4219      	tst	r1, r3
 306:	d1fc      	bne.n	302 <UartPutc+0xe>
    CMSDK_USRT2->DATA = my_ch; // (also write to transmit holding register)
 308:	4b04      	ldr	r3, [pc, #16]	; (31c <UartPutc+0x28>)
    CMSDK_UART2->DATA = my_ch; // write to transmit holding register
 30a:	6010      	str	r0, [r2, #0]
    CMSDK_USRT2->DATA = my_ch; // (also write to transmit holding register)
 30c:	6018      	str	r0, [r3, #0]
 30e:	e003      	b.n	318 <UartPutc+0x24>
    while (CMSDK_USRT2->STATE & 1); // Wait if Transmit Holding register full
 310:	6853      	ldr	r3, [r2, #4]
 312:	4219      	tst	r1, r3
 314:	d1fc      	bne.n	310 <UartPutc+0x1c>
    CMSDK_USRT2->DATA = my_ch; // write to transmit holding register
 316:	6010      	str	r0, [r2, #0]
  }
  return (my_ch);
}
 318:	4770      	bx	lr
 31a:	46c0      	nop			; (mov r8, r8)
 31c:	4000e000 	.word	0x4000e000
 320:	40006000 	.word	0x40006000

00000324 <UartGetc>:
// Get a character
unsigned char UartGetc(void)
{
  while (((CMSDK_UART2->STATE & 2)==0) & ((CMSDK_USRT2->STATE & 2)==0));
 324:	2102      	movs	r1, #2
{
 326:	b510      	push	{r4, lr}
  while (((CMSDK_UART2->STATE & 2)==0) & ((CMSDK_USRT2->STATE & 2)==0));
 328:	4809      	ldr	r0, [pc, #36]	; (350 <UartGetc+0x2c>)
 32a:	4c0a      	ldr	r4, [pc, #40]	; (354 <UartGetc+0x30>)
 32c:	6843      	ldr	r3, [r0, #4]
 32e:	6862      	ldr	r2, [r4, #4]
 330:	4313      	orrs	r3, r2
 332:	4219      	tst	r1, r3
 334:	d0fa      	beq.n	32c <UartGetc+0x8>
  if ((CMSDK_UART2->STATE & 2)==2) return (CMSDK_UART2->DATA);
 336:	6843      	ldr	r3, [r0, #4]
 338:	4219      	tst	r1, r3
 33a:	d106      	bne.n	34a <UartGetc+0x26>
  if ((CMSDK_USRT2->STATE & 2)==2) return (CMSDK_USRT2->DATA);
 33c:	6863      	ldr	r3, [r4, #4]
 33e:	4219      	tst	r1, r3
 340:	d100      	bne.n	344 <UartGetc+0x20>
}
 342:	bd10      	pop	{r4, pc}
  if ((CMSDK_USRT2->STATE & 2)==2) return (CMSDK_USRT2->DATA);
 344:	6820      	ldr	r0, [r4, #0]
 346:	b2c0      	uxtb	r0, r0
 348:	e7fb      	b.n	342 <UartGetc+0x1e>
  if ((CMSDK_UART2->STATE & 2)==2) return (CMSDK_UART2->DATA);
 34a:	6800      	ldr	r0, [r0, #0]
 34c:	b2c0      	uxtb	r0, r0
 34e:	e7f8      	b.n	342 <UartGetc+0x1e>
 350:	40006000 	.word	0x40006000
 354:	4000e000 	.word	0x4000e000

00000358 <UartEndSimulation>:

void UartEndSimulation(void)
{
  UartPutc((char) 0x4); // End of simulation
 358:	2004      	movs	r0, #4
{
 35a:	b510      	push	{r4, lr}
  UartPutc((char) 0x4); // End of simulation
 35c:	f7ff ffca 	bl	2f4 <UartPutc>
  while(1);
 360:	e7fe      	b.n	360 <UartEndSimulation+0x8>
 362:	46c0      	nop			; (mov r8, r8)

00000364 <exit>:
 364:	4b08      	ldr	r3, [pc, #32]	; (388 <exit+0x24>)
 366:	b510      	push	{r4, lr}
 368:	0004      	movs	r4, r0
 36a:	2b00      	cmp	r3, #0
 36c:	d002      	beq.n	374 <exit+0x10>
 36e:	2100      	movs	r1, #0
 370:	e000      	b.n	374 <exit+0x10>
 372:	bf00      	nop
 374:	4b05      	ldr	r3, [pc, #20]	; (38c <exit+0x28>)
 376:	6818      	ldr	r0, [r3, #0]
 378:	6a83      	ldr	r3, [r0, #40]	; 0x28
 37a:	2b00      	cmp	r3, #0
 37c:	d000      	beq.n	380 <exit+0x1c>
 37e:	4798      	blx	r3
 380:	0020      	movs	r0, r4
 382:	f000 fdb1 	bl	ee8 <_exit>
 386:	46c0      	nop			; (mov r8, r8)
 388:	00000000 	.word	0x00000000
 38c:	00000f24 	.word	0x00000f24

00000390 <__libc_init_array>:
 390:	b570      	push	{r4, r5, r6, lr}
 392:	2600      	movs	r6, #0
 394:	4d0c      	ldr	r5, [pc, #48]	; (3c8 <__libc_init_array+0x38>)
 396:	4c0d      	ldr	r4, [pc, #52]	; (3cc <__libc_init_array+0x3c>)
 398:	1b64      	subs	r4, r4, r5
 39a:	10a4      	asrs	r4, r4, #2
 39c:	42a6      	cmp	r6, r4
 39e:	d109      	bne.n	3b4 <__libc_init_array+0x24>
 3a0:	2600      	movs	r6, #0
 3a2:	f000 fda3 	bl	eec <_init>
 3a6:	4d0a      	ldr	r5, [pc, #40]	; (3d0 <__libc_init_array+0x40>)
 3a8:	4c0a      	ldr	r4, [pc, #40]	; (3d4 <__libc_init_array+0x44>)
 3aa:	1b64      	subs	r4, r4, r5
 3ac:	10a4      	asrs	r4, r4, #2
 3ae:	42a6      	cmp	r6, r4
 3b0:	d105      	bne.n	3be <__libc_init_array+0x2e>
 3b2:	bd70      	pop	{r4, r5, r6, pc}
 3b4:	00b3      	lsls	r3, r6, #2
 3b6:	58eb      	ldr	r3, [r5, r3]
 3b8:	4798      	blx	r3
 3ba:	3601      	adds	r6, #1
 3bc:	e7ee      	b.n	39c <__libc_init_array+0xc>
 3be:	00b3      	lsls	r3, r6, #2
 3c0:	58eb      	ldr	r3, [r5, r3]
 3c2:	4798      	blx	r3
 3c4:	3601      	adds	r6, #1
 3c6:	e7f2      	b.n	3ae <__libc_init_array+0x1e>
 3c8:	1800006c 	.word	0x1800006c
 3cc:	1800006c 	.word	0x1800006c
 3d0:	1800006c 	.word	0x1800006c
 3d4:	18000070 	.word	0x18000070

000003d8 <memset>:
 3d8:	0003      	movs	r3, r0
 3da:	1882      	adds	r2, r0, r2
 3dc:	4293      	cmp	r3, r2
 3de:	d100      	bne.n	3e2 <memset+0xa>
 3e0:	4770      	bx	lr
 3e2:	7019      	strb	r1, [r3, #0]
 3e4:	3301      	adds	r3, #1
 3e6:	e7f9      	b.n	3dc <memset+0x4>

000003e8 <_puts_r>:
 3e8:	b570      	push	{r4, r5, r6, lr}
 3ea:	0005      	movs	r5, r0
 3ec:	000e      	movs	r6, r1
 3ee:	2800      	cmp	r0, #0
 3f0:	d004      	beq.n	3fc <_puts_r+0x14>
 3f2:	6983      	ldr	r3, [r0, #24]
 3f4:	2b00      	cmp	r3, #0
 3f6:	d101      	bne.n	3fc <_puts_r+0x14>
 3f8:	f000 fa6e 	bl	8d8 <__sinit>
 3fc:	69ab      	ldr	r3, [r5, #24]
 3fe:	68ac      	ldr	r4, [r5, #8]
 400:	2b00      	cmp	r3, #0
 402:	d102      	bne.n	40a <_puts_r+0x22>
 404:	0028      	movs	r0, r5
 406:	f000 fa67 	bl	8d8 <__sinit>
 40a:	4b2d      	ldr	r3, [pc, #180]	; (4c0 <_puts_r+0xd8>)
 40c:	429c      	cmp	r4, r3
 40e:	d122      	bne.n	456 <_puts_r+0x6e>
 410:	686c      	ldr	r4, [r5, #4]
 412:	6e63      	ldr	r3, [r4, #100]	; 0x64
 414:	07db      	lsls	r3, r3, #31
 416:	d405      	bmi.n	424 <_puts_r+0x3c>
 418:	89a3      	ldrh	r3, [r4, #12]
 41a:	059b      	lsls	r3, r3, #22
 41c:	d402      	bmi.n	424 <_puts_r+0x3c>
 41e:	6da0      	ldr	r0, [r4, #88]	; 0x58
 420:	f000 fafb 	bl	a1a <__retarget_lock_acquire_recursive>
 424:	89a3      	ldrh	r3, [r4, #12]
 426:	071b      	lsls	r3, r3, #28
 428:	d502      	bpl.n	430 <_puts_r+0x48>
 42a:	6923      	ldr	r3, [r4, #16]
 42c:	2b00      	cmp	r3, #0
 42e:	d129      	bne.n	484 <_puts_r+0x9c>
 430:	0021      	movs	r1, r4
 432:	0028      	movs	r0, r5
 434:	f000 f8aa 	bl	58c <__swsetup_r>
 438:	2800      	cmp	r0, #0
 43a:	d023      	beq.n	484 <_puts_r+0x9c>
 43c:	2501      	movs	r5, #1
 43e:	426d      	negs	r5, r5
 440:	6e63      	ldr	r3, [r4, #100]	; 0x64
 442:	07db      	lsls	r3, r3, #31
 444:	d405      	bmi.n	452 <_puts_r+0x6a>
 446:	89a3      	ldrh	r3, [r4, #12]
 448:	059b      	lsls	r3, r3, #22
 44a:	d402      	bmi.n	452 <_puts_r+0x6a>
 44c:	6da0      	ldr	r0, [r4, #88]	; 0x58
 44e:	f000 fae5 	bl	a1c <__retarget_lock_release_recursive>
 452:	0028      	movs	r0, r5
 454:	bd70      	pop	{r4, r5, r6, pc}
 456:	4b1b      	ldr	r3, [pc, #108]	; (4c4 <_puts_r+0xdc>)
 458:	429c      	cmp	r4, r3
 45a:	d101      	bne.n	460 <_puts_r+0x78>
 45c:	68ac      	ldr	r4, [r5, #8]
 45e:	e7d8      	b.n	412 <_puts_r+0x2a>
 460:	4b19      	ldr	r3, [pc, #100]	; (4c8 <_puts_r+0xe0>)
 462:	429c      	cmp	r4, r3
 464:	d1d5      	bne.n	412 <_puts_r+0x2a>
 466:	68ec      	ldr	r4, [r5, #12]
 468:	e7d3      	b.n	412 <_puts_r+0x2a>
 46a:	3601      	adds	r6, #1
 46c:	60a3      	str	r3, [r4, #8]
 46e:	2b00      	cmp	r3, #0
 470:	da04      	bge.n	47c <_puts_r+0x94>
 472:	69a2      	ldr	r2, [r4, #24]
 474:	429a      	cmp	r2, r3
 476:	dc16      	bgt.n	4a6 <_puts_r+0xbe>
 478:	290a      	cmp	r1, #10
 47a:	d014      	beq.n	4a6 <_puts_r+0xbe>
 47c:	6823      	ldr	r3, [r4, #0]
 47e:	1c5a      	adds	r2, r3, #1
 480:	6022      	str	r2, [r4, #0]
 482:	7019      	strb	r1, [r3, #0]
 484:	68a3      	ldr	r3, [r4, #8]
 486:	7831      	ldrb	r1, [r6, #0]
 488:	3b01      	subs	r3, #1
 48a:	2900      	cmp	r1, #0
 48c:	d1ed      	bne.n	46a <_puts_r+0x82>
 48e:	60a3      	str	r3, [r4, #8]
 490:	2b00      	cmp	r3, #0
 492:	da0f      	bge.n	4b4 <_puts_r+0xcc>
 494:	0028      	movs	r0, r5
 496:	0022      	movs	r2, r4
 498:	310a      	adds	r1, #10
 49a:	f000 f821 	bl	4e0 <__swbuf_r>
 49e:	250a      	movs	r5, #10
 4a0:	1c43      	adds	r3, r0, #1
 4a2:	d1cd      	bne.n	440 <_puts_r+0x58>
 4a4:	e7ca      	b.n	43c <_puts_r+0x54>
 4a6:	0022      	movs	r2, r4
 4a8:	0028      	movs	r0, r5
 4aa:	f000 f819 	bl	4e0 <__swbuf_r>
 4ae:	1c43      	adds	r3, r0, #1
 4b0:	d1e8      	bne.n	484 <_puts_r+0x9c>
 4b2:	e7c3      	b.n	43c <_puts_r+0x54>
 4b4:	250a      	movs	r5, #10
 4b6:	6823      	ldr	r3, [r4, #0]
 4b8:	1c5a      	adds	r2, r3, #1
 4ba:	6022      	str	r2, [r4, #0]
 4bc:	701d      	strb	r5, [r3, #0]
 4be:	e7bf      	b.n	440 <_puts_r+0x58>
 4c0:	00000f48 	.word	0x00000f48
 4c4:	00000f68 	.word	0x00000f68
 4c8:	00000f28 	.word	0x00000f28

000004cc <puts>:
 4cc:	b510      	push	{r4, lr}
 4ce:	4b03      	ldr	r3, [pc, #12]	; (4dc <puts+0x10>)
 4d0:	0001      	movs	r1, r0
 4d2:	6818      	ldr	r0, [r3, #0]
 4d4:	f7ff ff88 	bl	3e8 <_puts_r>
 4d8:	bd10      	pop	{r4, pc}
 4da:	46c0      	nop			; (mov r8, r8)
 4dc:	18000008 	.word	0x18000008

000004e0 <__swbuf_r>:
 4e0:	b5f8      	push	{r3, r4, r5, r6, r7, lr}
 4e2:	0005      	movs	r5, r0
 4e4:	000e      	movs	r6, r1
 4e6:	0014      	movs	r4, r2
 4e8:	2800      	cmp	r0, #0
 4ea:	d004      	beq.n	4f6 <__swbuf_r+0x16>
 4ec:	6983      	ldr	r3, [r0, #24]
 4ee:	2b00      	cmp	r3, #0
 4f0:	d101      	bne.n	4f6 <__swbuf_r+0x16>
 4f2:	f000 f9f1 	bl	8d8 <__sinit>
 4f6:	4b22      	ldr	r3, [pc, #136]	; (580 <__swbuf_r+0xa0>)
 4f8:	429c      	cmp	r4, r3
 4fa:	d12e      	bne.n	55a <__swbuf_r+0x7a>
 4fc:	686c      	ldr	r4, [r5, #4]
 4fe:	69a3      	ldr	r3, [r4, #24]
 500:	60a3      	str	r3, [r4, #8]
 502:	89a3      	ldrh	r3, [r4, #12]
 504:	071b      	lsls	r3, r3, #28
 506:	d532      	bpl.n	56e <__swbuf_r+0x8e>
 508:	6923      	ldr	r3, [r4, #16]
 50a:	2b00      	cmp	r3, #0
 50c:	d02f      	beq.n	56e <__swbuf_r+0x8e>
 50e:	6823      	ldr	r3, [r4, #0]
 510:	6922      	ldr	r2, [r4, #16]
 512:	b2f7      	uxtb	r7, r6
 514:	1a98      	subs	r0, r3, r2
 516:	6963      	ldr	r3, [r4, #20]
 518:	b2f6      	uxtb	r6, r6
 51a:	4283      	cmp	r3, r0
 51c:	dc05      	bgt.n	52a <__swbuf_r+0x4a>
 51e:	0021      	movs	r1, r4
 520:	0028      	movs	r0, r5
 522:	f000 f937 	bl	794 <_fflush_r>
 526:	2800      	cmp	r0, #0
 528:	d127      	bne.n	57a <__swbuf_r+0x9a>
 52a:	68a3      	ldr	r3, [r4, #8]
 52c:	3001      	adds	r0, #1
 52e:	3b01      	subs	r3, #1
 530:	60a3      	str	r3, [r4, #8]
 532:	6823      	ldr	r3, [r4, #0]
 534:	1c5a      	adds	r2, r3, #1
 536:	6022      	str	r2, [r4, #0]
 538:	701f      	strb	r7, [r3, #0]
 53a:	6963      	ldr	r3, [r4, #20]
 53c:	4283      	cmp	r3, r0
 53e:	d004      	beq.n	54a <__swbuf_r+0x6a>
 540:	89a3      	ldrh	r3, [r4, #12]
 542:	07db      	lsls	r3, r3, #31
 544:	d507      	bpl.n	556 <__swbuf_r+0x76>
 546:	2e0a      	cmp	r6, #10
 548:	d105      	bne.n	556 <__swbuf_r+0x76>
 54a:	0021      	movs	r1, r4
 54c:	0028      	movs	r0, r5
 54e:	f000 f921 	bl	794 <_fflush_r>
 552:	2800      	cmp	r0, #0
 554:	d111      	bne.n	57a <__swbuf_r+0x9a>
 556:	0030      	movs	r0, r6
 558:	bdf8      	pop	{r3, r4, r5, r6, r7, pc}
 55a:	4b0a      	ldr	r3, [pc, #40]	; (584 <__swbuf_r+0xa4>)
 55c:	429c      	cmp	r4, r3
 55e:	d101      	bne.n	564 <__swbuf_r+0x84>
 560:	68ac      	ldr	r4, [r5, #8]
 562:	e7cc      	b.n	4fe <__swbuf_r+0x1e>
 564:	4b08      	ldr	r3, [pc, #32]	; (588 <__swbuf_r+0xa8>)
 566:	429c      	cmp	r4, r3
 568:	d1c9      	bne.n	4fe <__swbuf_r+0x1e>
 56a:	68ec      	ldr	r4, [r5, #12]
 56c:	e7c7      	b.n	4fe <__swbuf_r+0x1e>
 56e:	0021      	movs	r1, r4
 570:	0028      	movs	r0, r5
 572:	f000 f80b 	bl	58c <__swsetup_r>
 576:	2800      	cmp	r0, #0
 578:	d0c9      	beq.n	50e <__swbuf_r+0x2e>
 57a:	2601      	movs	r6, #1
 57c:	4276      	negs	r6, r6
 57e:	e7ea      	b.n	556 <__swbuf_r+0x76>
 580:	00000f48 	.word	0x00000f48
 584:	00000f68 	.word	0x00000f68
 588:	00000f28 	.word	0x00000f28

0000058c <__swsetup_r>:
 58c:	4b37      	ldr	r3, [pc, #220]	; (66c <__swsetup_r+0xe0>)
 58e:	b570      	push	{r4, r5, r6, lr}
 590:	681d      	ldr	r5, [r3, #0]
 592:	0006      	movs	r6, r0
 594:	000c      	movs	r4, r1
 596:	2d00      	cmp	r5, #0
 598:	d005      	beq.n	5a6 <__swsetup_r+0x1a>
 59a:	69ab      	ldr	r3, [r5, #24]
 59c:	2b00      	cmp	r3, #0
 59e:	d102      	bne.n	5a6 <__swsetup_r+0x1a>
 5a0:	0028      	movs	r0, r5
 5a2:	f000 f999 	bl	8d8 <__sinit>
 5a6:	4b32      	ldr	r3, [pc, #200]	; (670 <__swsetup_r+0xe4>)
 5a8:	429c      	cmp	r4, r3
 5aa:	d10f      	bne.n	5cc <__swsetup_r+0x40>
 5ac:	686c      	ldr	r4, [r5, #4]
 5ae:	230c      	movs	r3, #12
 5b0:	5ee2      	ldrsh	r2, [r4, r3]
 5b2:	b293      	uxth	r3, r2
 5b4:	0711      	lsls	r1, r2, #28
 5b6:	d42d      	bmi.n	614 <__swsetup_r+0x88>
 5b8:	06d9      	lsls	r1, r3, #27
 5ba:	d411      	bmi.n	5e0 <__swsetup_r+0x54>
 5bc:	2309      	movs	r3, #9
 5be:	2001      	movs	r0, #1
 5c0:	6033      	str	r3, [r6, #0]
 5c2:	3337      	adds	r3, #55	; 0x37
 5c4:	4313      	orrs	r3, r2
 5c6:	81a3      	strh	r3, [r4, #12]
 5c8:	4240      	negs	r0, r0
 5ca:	bd70      	pop	{r4, r5, r6, pc}
 5cc:	4b29      	ldr	r3, [pc, #164]	; (674 <__swsetup_r+0xe8>)
 5ce:	429c      	cmp	r4, r3
 5d0:	d101      	bne.n	5d6 <__swsetup_r+0x4a>
 5d2:	68ac      	ldr	r4, [r5, #8]
 5d4:	e7eb      	b.n	5ae <__swsetup_r+0x22>
 5d6:	4b28      	ldr	r3, [pc, #160]	; (678 <__swsetup_r+0xec>)
 5d8:	429c      	cmp	r4, r3
 5da:	d1e8      	bne.n	5ae <__swsetup_r+0x22>
 5dc:	68ec      	ldr	r4, [r5, #12]
 5de:	e7e6      	b.n	5ae <__swsetup_r+0x22>
 5e0:	075b      	lsls	r3, r3, #29
 5e2:	d513      	bpl.n	60c <__swsetup_r+0x80>
 5e4:	6b61      	ldr	r1, [r4, #52]	; 0x34
 5e6:	2900      	cmp	r1, #0
 5e8:	d008      	beq.n	5fc <__swsetup_r+0x70>
 5ea:	0023      	movs	r3, r4
 5ec:	3344      	adds	r3, #68	; 0x44
 5ee:	4299      	cmp	r1, r3
 5f0:	d002      	beq.n	5f8 <__swsetup_r+0x6c>
 5f2:	0030      	movs	r0, r6
 5f4:	f000 fa80 	bl	af8 <_free_r>
 5f8:	2300      	movs	r3, #0
 5fa:	6363      	str	r3, [r4, #52]	; 0x34
 5fc:	2224      	movs	r2, #36	; 0x24
 5fe:	89a3      	ldrh	r3, [r4, #12]
 600:	4393      	bics	r3, r2
 602:	81a3      	strh	r3, [r4, #12]
 604:	2300      	movs	r3, #0
 606:	6063      	str	r3, [r4, #4]
 608:	6923      	ldr	r3, [r4, #16]
 60a:	6023      	str	r3, [r4, #0]
 60c:	2308      	movs	r3, #8
 60e:	89a2      	ldrh	r2, [r4, #12]
 610:	4313      	orrs	r3, r2
 612:	81a3      	strh	r3, [r4, #12]
 614:	6923      	ldr	r3, [r4, #16]
 616:	2b00      	cmp	r3, #0
 618:	d10b      	bne.n	632 <__swsetup_r+0xa6>
 61a:	21a0      	movs	r1, #160	; 0xa0
 61c:	2280      	movs	r2, #128	; 0x80
 61e:	89a3      	ldrh	r3, [r4, #12]
 620:	0089      	lsls	r1, r1, #2
 622:	0092      	lsls	r2, r2, #2
 624:	400b      	ands	r3, r1
 626:	4293      	cmp	r3, r2
 628:	d003      	beq.n	632 <__swsetup_r+0xa6>
 62a:	0021      	movs	r1, r4
 62c:	0030      	movs	r0, r6
 62e:	f000 fa1f 	bl	a70 <__smakebuf_r>
 632:	220c      	movs	r2, #12
 634:	5ea3      	ldrsh	r3, [r4, r2]
 636:	2001      	movs	r0, #1
 638:	001a      	movs	r2, r3
 63a:	b299      	uxth	r1, r3
 63c:	4002      	ands	r2, r0
 63e:	4203      	tst	r3, r0
 640:	d00f      	beq.n	662 <__swsetup_r+0xd6>
 642:	2200      	movs	r2, #0
 644:	60a2      	str	r2, [r4, #8]
 646:	6962      	ldr	r2, [r4, #20]
 648:	4252      	negs	r2, r2
 64a:	61a2      	str	r2, [r4, #24]
 64c:	2000      	movs	r0, #0
 64e:	6922      	ldr	r2, [r4, #16]
 650:	4282      	cmp	r2, r0
 652:	d1ba      	bne.n	5ca <__swsetup_r+0x3e>
 654:	060a      	lsls	r2, r1, #24
 656:	d5b8      	bpl.n	5ca <__swsetup_r+0x3e>
 658:	2240      	movs	r2, #64	; 0x40
 65a:	4313      	orrs	r3, r2
 65c:	81a3      	strh	r3, [r4, #12]
 65e:	3801      	subs	r0, #1
 660:	e7b3      	b.n	5ca <__swsetup_r+0x3e>
 662:	0788      	lsls	r0, r1, #30
 664:	d400      	bmi.n	668 <__swsetup_r+0xdc>
 666:	6962      	ldr	r2, [r4, #20]
 668:	60a2      	str	r2, [r4, #8]
 66a:	e7ef      	b.n	64c <__swsetup_r+0xc0>
 66c:	18000008 	.word	0x18000008
 670:	00000f48 	.word	0x00000f48
 674:	00000f68 	.word	0x00000f68
 678:	00000f28 	.word	0x00000f28

0000067c <__sflush_r>:
 67c:	b5f7      	push	{r0, r1, r2, r4, r5, r6, r7, lr}
 67e:	898b      	ldrh	r3, [r1, #12]
 680:	0005      	movs	r5, r0
 682:	000c      	movs	r4, r1
 684:	071a      	lsls	r2, r3, #28
 686:	d45f      	bmi.n	748 <__sflush_r+0xcc>
 688:	684a      	ldr	r2, [r1, #4]
 68a:	2a00      	cmp	r2, #0
 68c:	dc04      	bgt.n	698 <__sflush_r+0x1c>
 68e:	6c0a      	ldr	r2, [r1, #64]	; 0x40
 690:	2a00      	cmp	r2, #0
 692:	dc01      	bgt.n	698 <__sflush_r+0x1c>
 694:	2000      	movs	r0, #0
 696:	bdfe      	pop	{r1, r2, r3, r4, r5, r6, r7, pc}
 698:	6ae7      	ldr	r7, [r4, #44]	; 0x2c
 69a:	2f00      	cmp	r7, #0
 69c:	d0fa      	beq.n	694 <__sflush_r+0x18>
 69e:	2200      	movs	r2, #0
 6a0:	2180      	movs	r1, #128	; 0x80
 6a2:	682e      	ldr	r6, [r5, #0]
 6a4:	602a      	str	r2, [r5, #0]
 6a6:	001a      	movs	r2, r3
 6a8:	0149      	lsls	r1, r1, #5
 6aa:	400a      	ands	r2, r1
 6ac:	420b      	tst	r3, r1
 6ae:	d034      	beq.n	71a <__sflush_r+0x9e>
 6b0:	6d60      	ldr	r0, [r4, #84]	; 0x54
 6b2:	89a3      	ldrh	r3, [r4, #12]
 6b4:	075b      	lsls	r3, r3, #29
 6b6:	d506      	bpl.n	6c6 <__sflush_r+0x4a>
 6b8:	6863      	ldr	r3, [r4, #4]
 6ba:	1ac0      	subs	r0, r0, r3
 6bc:	6b63      	ldr	r3, [r4, #52]	; 0x34
 6be:	2b00      	cmp	r3, #0
 6c0:	d001      	beq.n	6c6 <__sflush_r+0x4a>
 6c2:	6c23      	ldr	r3, [r4, #64]	; 0x40
 6c4:	1ac0      	subs	r0, r0, r3
 6c6:	0002      	movs	r2, r0
 6c8:	6a21      	ldr	r1, [r4, #32]
 6ca:	2300      	movs	r3, #0
 6cc:	0028      	movs	r0, r5
 6ce:	6ae7      	ldr	r7, [r4, #44]	; 0x2c
 6d0:	47b8      	blx	r7
 6d2:	89a1      	ldrh	r1, [r4, #12]
 6d4:	1c43      	adds	r3, r0, #1
 6d6:	d106      	bne.n	6e6 <__sflush_r+0x6a>
 6d8:	682b      	ldr	r3, [r5, #0]
 6da:	2b1d      	cmp	r3, #29
 6dc:	d831      	bhi.n	742 <__sflush_r+0xc6>
 6de:	4a2c      	ldr	r2, [pc, #176]	; (790 <__sflush_r+0x114>)
 6e0:	40da      	lsrs	r2, r3
 6e2:	07d3      	lsls	r3, r2, #31
 6e4:	d52d      	bpl.n	742 <__sflush_r+0xc6>
 6e6:	2300      	movs	r3, #0
 6e8:	6063      	str	r3, [r4, #4]
 6ea:	6923      	ldr	r3, [r4, #16]
 6ec:	6023      	str	r3, [r4, #0]
 6ee:	04cb      	lsls	r3, r1, #19
 6f0:	d505      	bpl.n	6fe <__sflush_r+0x82>
 6f2:	1c43      	adds	r3, r0, #1
 6f4:	d102      	bne.n	6fc <__sflush_r+0x80>
 6f6:	682b      	ldr	r3, [r5, #0]
 6f8:	2b00      	cmp	r3, #0
 6fa:	d100      	bne.n	6fe <__sflush_r+0x82>
 6fc:	6560      	str	r0, [r4, #84]	; 0x54
 6fe:	6b61      	ldr	r1, [r4, #52]	; 0x34
 700:	602e      	str	r6, [r5, #0]
 702:	2900      	cmp	r1, #0
 704:	d0c6      	beq.n	694 <__sflush_r+0x18>
 706:	0023      	movs	r3, r4
 708:	3344      	adds	r3, #68	; 0x44
 70a:	4299      	cmp	r1, r3
 70c:	d002      	beq.n	714 <__sflush_r+0x98>
 70e:	0028      	movs	r0, r5
 710:	f000 f9f2 	bl	af8 <_free_r>
 714:	2000      	movs	r0, #0
 716:	6360      	str	r0, [r4, #52]	; 0x34
 718:	e7bd      	b.n	696 <__sflush_r+0x1a>
 71a:	2301      	movs	r3, #1
 71c:	0028      	movs	r0, r5
 71e:	6a21      	ldr	r1, [r4, #32]
 720:	47b8      	blx	r7
 722:	1c43      	adds	r3, r0, #1
 724:	d1c5      	bne.n	6b2 <__sflush_r+0x36>
 726:	682b      	ldr	r3, [r5, #0]
 728:	2b00      	cmp	r3, #0
 72a:	d0c2      	beq.n	6b2 <__sflush_r+0x36>
 72c:	2b1d      	cmp	r3, #29
 72e:	d001      	beq.n	734 <__sflush_r+0xb8>
 730:	2b16      	cmp	r3, #22
 732:	d101      	bne.n	738 <__sflush_r+0xbc>
 734:	602e      	str	r6, [r5, #0]
 736:	e7ad      	b.n	694 <__sflush_r+0x18>
 738:	2340      	movs	r3, #64	; 0x40
 73a:	89a2      	ldrh	r2, [r4, #12]
 73c:	4313      	orrs	r3, r2
 73e:	81a3      	strh	r3, [r4, #12]
 740:	e7a9      	b.n	696 <__sflush_r+0x1a>
 742:	2340      	movs	r3, #64	; 0x40
 744:	430b      	orrs	r3, r1
 746:	e7fa      	b.n	73e <__sflush_r+0xc2>
 748:	690f      	ldr	r7, [r1, #16]
 74a:	2f00      	cmp	r7, #0
 74c:	d0a2      	beq.n	694 <__sflush_r+0x18>
 74e:	680a      	ldr	r2, [r1, #0]
 750:	600f      	str	r7, [r1, #0]
 752:	1bd2      	subs	r2, r2, r7
 754:	9201      	str	r2, [sp, #4]
 756:	2200      	movs	r2, #0
 758:	079b      	lsls	r3, r3, #30
 75a:	d100      	bne.n	75e <__sflush_r+0xe2>
 75c:	694a      	ldr	r2, [r1, #20]
 75e:	60a2      	str	r2, [r4, #8]
 760:	9b01      	ldr	r3, [sp, #4]
 762:	2b00      	cmp	r3, #0
 764:	dc00      	bgt.n	768 <__sflush_r+0xec>
 766:	e795      	b.n	694 <__sflush_r+0x18>
 768:	003a      	movs	r2, r7
 76a:	0028      	movs	r0, r5
 76c:	9b01      	ldr	r3, [sp, #4]
 76e:	6a21      	ldr	r1, [r4, #32]
 770:	6aa6      	ldr	r6, [r4, #40]	; 0x28
 772:	47b0      	blx	r6
 774:	2800      	cmp	r0, #0
 776:	dc06      	bgt.n	786 <__sflush_r+0x10a>
 778:	2340      	movs	r3, #64	; 0x40
 77a:	2001      	movs	r0, #1
 77c:	89a2      	ldrh	r2, [r4, #12]
 77e:	4240      	negs	r0, r0
 780:	4313      	orrs	r3, r2
 782:	81a3      	strh	r3, [r4, #12]
 784:	e787      	b.n	696 <__sflush_r+0x1a>
 786:	9b01      	ldr	r3, [sp, #4]
 788:	183f      	adds	r7, r7, r0
 78a:	1a1b      	subs	r3, r3, r0
 78c:	9301      	str	r3, [sp, #4]
 78e:	e7e7      	b.n	760 <__sflush_r+0xe4>
 790:	20400001 	.word	0x20400001

00000794 <_fflush_r>:
 794:	690b      	ldr	r3, [r1, #16]
 796:	b570      	push	{r4, r5, r6, lr}
 798:	0005      	movs	r5, r0
 79a:	000c      	movs	r4, r1
 79c:	2b00      	cmp	r3, #0
 79e:	d102      	bne.n	7a6 <_fflush_r+0x12>
 7a0:	2500      	movs	r5, #0
 7a2:	0028      	movs	r0, r5
 7a4:	bd70      	pop	{r4, r5, r6, pc}
 7a6:	2800      	cmp	r0, #0
 7a8:	d004      	beq.n	7b4 <_fflush_r+0x20>
 7aa:	6983      	ldr	r3, [r0, #24]
 7ac:	2b00      	cmp	r3, #0
 7ae:	d101      	bne.n	7b4 <_fflush_r+0x20>
 7b0:	f000 f892 	bl	8d8 <__sinit>
 7b4:	4b14      	ldr	r3, [pc, #80]	; (808 <_fflush_r+0x74>)
 7b6:	429c      	cmp	r4, r3
 7b8:	d11b      	bne.n	7f2 <_fflush_r+0x5e>
 7ba:	686c      	ldr	r4, [r5, #4]
 7bc:	220c      	movs	r2, #12
 7be:	5ea3      	ldrsh	r3, [r4, r2]
 7c0:	2b00      	cmp	r3, #0
 7c2:	d0ed      	beq.n	7a0 <_fflush_r+0xc>
 7c4:	6e62      	ldr	r2, [r4, #100]	; 0x64
 7c6:	07d2      	lsls	r2, r2, #31
 7c8:	d404      	bmi.n	7d4 <_fflush_r+0x40>
 7ca:	059b      	lsls	r3, r3, #22
 7cc:	d402      	bmi.n	7d4 <_fflush_r+0x40>
 7ce:	6da0      	ldr	r0, [r4, #88]	; 0x58
 7d0:	f000 f923 	bl	a1a <__retarget_lock_acquire_recursive>
 7d4:	0028      	movs	r0, r5
 7d6:	0021      	movs	r1, r4
 7d8:	f7ff ff50 	bl	67c <__sflush_r>
 7dc:	6e63      	ldr	r3, [r4, #100]	; 0x64
 7de:	0005      	movs	r5, r0
 7e0:	07db      	lsls	r3, r3, #31
 7e2:	d4de      	bmi.n	7a2 <_fflush_r+0xe>
 7e4:	89a3      	ldrh	r3, [r4, #12]
 7e6:	059b      	lsls	r3, r3, #22
 7e8:	d4db      	bmi.n	7a2 <_fflush_r+0xe>
 7ea:	6da0      	ldr	r0, [r4, #88]	; 0x58
 7ec:	f000 f916 	bl	a1c <__retarget_lock_release_recursive>
 7f0:	e7d7      	b.n	7a2 <_fflush_r+0xe>
 7f2:	4b06      	ldr	r3, [pc, #24]	; (80c <_fflush_r+0x78>)
 7f4:	429c      	cmp	r4, r3
 7f6:	d101      	bne.n	7fc <_fflush_r+0x68>
 7f8:	68ac      	ldr	r4, [r5, #8]
 7fa:	e7df      	b.n	7bc <_fflush_r+0x28>
 7fc:	4b04      	ldr	r3, [pc, #16]	; (810 <_fflush_r+0x7c>)
 7fe:	429c      	cmp	r4, r3
 800:	d1dc      	bne.n	7bc <_fflush_r+0x28>
 802:	68ec      	ldr	r4, [r5, #12]
 804:	e7da      	b.n	7bc <_fflush_r+0x28>
 806:	46c0      	nop			; (mov r8, r8)
 808:	00000f48 	.word	0x00000f48
 80c:	00000f68 	.word	0x00000f68
 810:	00000f28 	.word	0x00000f28

00000814 <std>:
 814:	2300      	movs	r3, #0
 816:	b510      	push	{r4, lr}
 818:	0004      	movs	r4, r0
 81a:	6003      	str	r3, [r0, #0]
 81c:	6043      	str	r3, [r0, #4]
 81e:	6083      	str	r3, [r0, #8]
 820:	8181      	strh	r1, [r0, #12]
 822:	6643      	str	r3, [r0, #100]	; 0x64
 824:	0019      	movs	r1, r3
 826:	81c2      	strh	r2, [r0, #14]
 828:	6103      	str	r3, [r0, #16]
 82a:	6143      	str	r3, [r0, #20]
 82c:	6183      	str	r3, [r0, #24]
 82e:	2208      	movs	r2, #8
 830:	305c      	adds	r0, #92	; 0x5c
 832:	f7ff fdd1 	bl	3d8 <memset>
 836:	4b05      	ldr	r3, [pc, #20]	; (84c <std+0x38>)
 838:	6224      	str	r4, [r4, #32]
 83a:	6263      	str	r3, [r4, #36]	; 0x24
 83c:	4b04      	ldr	r3, [pc, #16]	; (850 <std+0x3c>)
 83e:	62a3      	str	r3, [r4, #40]	; 0x28
 840:	4b04      	ldr	r3, [pc, #16]	; (854 <std+0x40>)
 842:	62e3      	str	r3, [r4, #44]	; 0x2c
 844:	4b04      	ldr	r3, [pc, #16]	; (858 <std+0x44>)
 846:	6323      	str	r3, [r4, #48]	; 0x30
 848:	bd10      	pop	{r4, pc}
 84a:	46c0      	nop			; (mov r8, r8)
 84c:	00000ce1 	.word	0x00000ce1
 850:	00000d09 	.word	0x00000d09
 854:	00000d41 	.word	0x00000d41
 858:	00000d6d 	.word	0x00000d6d

0000085c <_cleanup_r>:
 85c:	b510      	push	{r4, lr}
 85e:	4902      	ldr	r1, [pc, #8]	; (868 <_cleanup_r+0xc>)
 860:	f000 f8ba 	bl	9d8 <_fwalk_reent>
 864:	bd10      	pop	{r4, pc}
 866:	46c0      	nop			; (mov r8, r8)
 868:	00000795 	.word	0x00000795

0000086c <__sfmoreglue>:
 86c:	b570      	push	{r4, r5, r6, lr}
 86e:	2568      	movs	r5, #104	; 0x68
 870:	1e4a      	subs	r2, r1, #1
 872:	4355      	muls	r5, r2
 874:	000e      	movs	r6, r1
 876:	0029      	movs	r1, r5
 878:	3174      	adds	r1, #116	; 0x74
 87a:	f000 f9a9 	bl	bd0 <_malloc_r>
 87e:	1e04      	subs	r4, r0, #0
 880:	d008      	beq.n	894 <__sfmoreglue+0x28>
 882:	2100      	movs	r1, #0
 884:	002a      	movs	r2, r5
 886:	6001      	str	r1, [r0, #0]
 888:	6046      	str	r6, [r0, #4]
 88a:	300c      	adds	r0, #12
 88c:	60a0      	str	r0, [r4, #8]
 88e:	3268      	adds	r2, #104	; 0x68
 890:	f7ff fda2 	bl	3d8 <memset>
 894:	0020      	movs	r0, r4
 896:	bd70      	pop	{r4, r5, r6, pc}

00000898 <__sfp_lock_acquire>:
 898:	b510      	push	{r4, lr}
 89a:	4802      	ldr	r0, [pc, #8]	; (8a4 <__sfp_lock_acquire+0xc>)
 89c:	f000 f8bd 	bl	a1a <__retarget_lock_acquire_recursive>
 8a0:	bd10      	pop	{r4, pc}
 8a2:	46c0      	nop			; (mov r8, r8)
 8a4:	18000091 	.word	0x18000091

000008a8 <__sfp_lock_release>:
 8a8:	b510      	push	{r4, lr}
 8aa:	4802      	ldr	r0, [pc, #8]	; (8b4 <__sfp_lock_release+0xc>)
 8ac:	f000 f8b6 	bl	a1c <__retarget_lock_release_recursive>
 8b0:	bd10      	pop	{r4, pc}
 8b2:	46c0      	nop			; (mov r8, r8)
 8b4:	18000091 	.word	0x18000091

000008b8 <__sinit_lock_acquire>:
 8b8:	b510      	push	{r4, lr}
 8ba:	4802      	ldr	r0, [pc, #8]	; (8c4 <__sinit_lock_acquire+0xc>)
 8bc:	f000 f8ad 	bl	a1a <__retarget_lock_acquire_recursive>
 8c0:	bd10      	pop	{r4, pc}
 8c2:	46c0      	nop			; (mov r8, r8)
 8c4:	18000092 	.word	0x18000092

000008c8 <__sinit_lock_release>:
 8c8:	b510      	push	{r4, lr}
 8ca:	4802      	ldr	r0, [pc, #8]	; (8d4 <__sinit_lock_release+0xc>)
 8cc:	f000 f8a6 	bl	a1c <__retarget_lock_release_recursive>
 8d0:	bd10      	pop	{r4, pc}
 8d2:	46c0      	nop			; (mov r8, r8)
 8d4:	18000092 	.word	0x18000092

000008d8 <__sinit>:
 8d8:	b513      	push	{r0, r1, r4, lr}
 8da:	0004      	movs	r4, r0
 8dc:	f7ff ffec 	bl	8b8 <__sinit_lock_acquire>
 8e0:	69a3      	ldr	r3, [r4, #24]
 8e2:	2b00      	cmp	r3, #0
 8e4:	d002      	beq.n	8ec <__sinit+0x14>
 8e6:	f7ff ffef 	bl	8c8 <__sinit_lock_release>
 8ea:	bd13      	pop	{r0, r1, r4, pc}
 8ec:	64a3      	str	r3, [r4, #72]	; 0x48
 8ee:	64e3      	str	r3, [r4, #76]	; 0x4c
 8f0:	6523      	str	r3, [r4, #80]	; 0x50
 8f2:	4b13      	ldr	r3, [pc, #76]	; (940 <__sinit+0x68>)
 8f4:	4a13      	ldr	r2, [pc, #76]	; (944 <__sinit+0x6c>)
 8f6:	681b      	ldr	r3, [r3, #0]
 8f8:	62a2      	str	r2, [r4, #40]	; 0x28
 8fa:	9301      	str	r3, [sp, #4]
 8fc:	42a3      	cmp	r3, r4
 8fe:	d101      	bne.n	904 <__sinit+0x2c>
 900:	2301      	movs	r3, #1
 902:	61a3      	str	r3, [r4, #24]
 904:	0020      	movs	r0, r4
 906:	f000 f81f 	bl	948 <__sfp>
 90a:	6060      	str	r0, [r4, #4]
 90c:	0020      	movs	r0, r4
 90e:	f000 f81b 	bl	948 <__sfp>
 912:	60a0      	str	r0, [r4, #8]
 914:	0020      	movs	r0, r4
 916:	f000 f817 	bl	948 <__sfp>
 91a:	2200      	movs	r2, #0
 91c:	2104      	movs	r1, #4
 91e:	60e0      	str	r0, [r4, #12]
 920:	6860      	ldr	r0, [r4, #4]
 922:	f7ff ff77 	bl	814 <std>
 926:	2201      	movs	r2, #1
 928:	2109      	movs	r1, #9
 92a:	68a0      	ldr	r0, [r4, #8]
 92c:	f7ff ff72 	bl	814 <std>
 930:	2202      	movs	r2, #2
 932:	2112      	movs	r1, #18
 934:	68e0      	ldr	r0, [r4, #12]
 936:	f7ff ff6d 	bl	814 <std>
 93a:	2301      	movs	r3, #1
 93c:	61a3      	str	r3, [r4, #24]
 93e:	e7d2      	b.n	8e6 <__sinit+0xe>
 940:	00000f24 	.word	0x00000f24
 944:	0000085d 	.word	0x0000085d

00000948 <__sfp>:
 948:	b5f8      	push	{r3, r4, r5, r6, r7, lr}
 94a:	0007      	movs	r7, r0
 94c:	f7ff ffa4 	bl	898 <__sfp_lock_acquire>
 950:	4b1f      	ldr	r3, [pc, #124]	; (9d0 <__sfp+0x88>)
 952:	681e      	ldr	r6, [r3, #0]
 954:	69b3      	ldr	r3, [r6, #24]
 956:	2b00      	cmp	r3, #0
 958:	d102      	bne.n	960 <__sfp+0x18>
 95a:	0030      	movs	r0, r6
 95c:	f7ff ffbc 	bl	8d8 <__sinit>
 960:	3648      	adds	r6, #72	; 0x48
 962:	68b4      	ldr	r4, [r6, #8]
 964:	6873      	ldr	r3, [r6, #4]
 966:	3b01      	subs	r3, #1
 968:	d504      	bpl.n	974 <__sfp+0x2c>
 96a:	6833      	ldr	r3, [r6, #0]
 96c:	2b00      	cmp	r3, #0
 96e:	d022      	beq.n	9b6 <__sfp+0x6e>
 970:	6836      	ldr	r6, [r6, #0]
 972:	e7f6      	b.n	962 <__sfp+0x1a>
 974:	220c      	movs	r2, #12
 976:	5ea5      	ldrsh	r5, [r4, r2]
 978:	2d00      	cmp	r5, #0
 97a:	d11a      	bne.n	9b2 <__sfp+0x6a>
 97c:	0020      	movs	r0, r4
 97e:	4b15      	ldr	r3, [pc, #84]	; (9d4 <__sfp+0x8c>)
 980:	3058      	adds	r0, #88	; 0x58
 982:	60e3      	str	r3, [r4, #12]
 984:	6665      	str	r5, [r4, #100]	; 0x64
 986:	f000 f847 	bl	a18 <__retarget_lock_init_recursive>
 98a:	f7ff ff8d 	bl	8a8 <__sfp_lock_release>
 98e:	0020      	movs	r0, r4
 990:	2208      	movs	r2, #8
 992:	0029      	movs	r1, r5
 994:	6025      	str	r5, [r4, #0]
 996:	60a5      	str	r5, [r4, #8]
 998:	6065      	str	r5, [r4, #4]
 99a:	6125      	str	r5, [r4, #16]
 99c:	6165      	str	r5, [r4, #20]
 99e:	61a5      	str	r5, [r4, #24]
 9a0:	305c      	adds	r0, #92	; 0x5c
 9a2:	f7ff fd19 	bl	3d8 <memset>
 9a6:	6365      	str	r5, [r4, #52]	; 0x34
 9a8:	63a5      	str	r5, [r4, #56]	; 0x38
 9aa:	64a5      	str	r5, [r4, #72]	; 0x48
 9ac:	64e5      	str	r5, [r4, #76]	; 0x4c
 9ae:	0020      	movs	r0, r4
 9b0:	bdf8      	pop	{r3, r4, r5, r6, r7, pc}
 9b2:	3468      	adds	r4, #104	; 0x68
 9b4:	e7d7      	b.n	966 <__sfp+0x1e>
 9b6:	2104      	movs	r1, #4
 9b8:	0038      	movs	r0, r7
 9ba:	f7ff ff57 	bl	86c <__sfmoreglue>
 9be:	1e04      	subs	r4, r0, #0
 9c0:	6030      	str	r0, [r6, #0]
 9c2:	d1d5      	bne.n	970 <__sfp+0x28>
 9c4:	f7ff ff70 	bl	8a8 <__sfp_lock_release>
 9c8:	230c      	movs	r3, #12
 9ca:	603b      	str	r3, [r7, #0]
 9cc:	e7ef      	b.n	9ae <__sfp+0x66>
 9ce:	46c0      	nop			; (mov r8, r8)
 9d0:	00000f24 	.word	0x00000f24
 9d4:	ffff0001 	.word	0xffff0001

000009d8 <_fwalk_reent>:
 9d8:	b5f7      	push	{r0, r1, r2, r4, r5, r6, r7, lr}
 9da:	0004      	movs	r4, r0
 9dc:	0006      	movs	r6, r0
 9de:	2700      	movs	r7, #0
 9e0:	9101      	str	r1, [sp, #4]
 9e2:	3448      	adds	r4, #72	; 0x48
 9e4:	6863      	ldr	r3, [r4, #4]
 9e6:	68a5      	ldr	r5, [r4, #8]
 9e8:	9300      	str	r3, [sp, #0]
 9ea:	9b00      	ldr	r3, [sp, #0]
 9ec:	3b01      	subs	r3, #1
 9ee:	9300      	str	r3, [sp, #0]
 9f0:	d504      	bpl.n	9fc <_fwalk_reent+0x24>
 9f2:	6824      	ldr	r4, [r4, #0]
 9f4:	2c00      	cmp	r4, #0
 9f6:	d1f5      	bne.n	9e4 <_fwalk_reent+0xc>
 9f8:	0038      	movs	r0, r7
 9fa:	bdfe      	pop	{r1, r2, r3, r4, r5, r6, r7, pc}
 9fc:	89ab      	ldrh	r3, [r5, #12]
 9fe:	2b01      	cmp	r3, #1
 a00:	d908      	bls.n	a14 <_fwalk_reent+0x3c>
 a02:	220e      	movs	r2, #14
 a04:	5eab      	ldrsh	r3, [r5, r2]
 a06:	3301      	adds	r3, #1
 a08:	d004      	beq.n	a14 <_fwalk_reent+0x3c>
 a0a:	0029      	movs	r1, r5
 a0c:	0030      	movs	r0, r6
 a0e:	9b01      	ldr	r3, [sp, #4]
 a10:	4798      	blx	r3
 a12:	4307      	orrs	r7, r0
 a14:	3568      	adds	r5, #104	; 0x68
 a16:	e7e8      	b.n	9ea <_fwalk_reent+0x12>

00000a18 <__retarget_lock_init_recursive>:
 a18:	4770      	bx	lr

00000a1a <__retarget_lock_acquire_recursive>:
 a1a:	4770      	bx	lr

00000a1c <__retarget_lock_release_recursive>:
 a1c:	4770      	bx	lr
	...

00000a20 <__swhatbuf_r>:
 a20:	b570      	push	{r4, r5, r6, lr}
 a22:	000e      	movs	r6, r1
 a24:	001d      	movs	r5, r3
 a26:	230e      	movs	r3, #14
 a28:	5ec9      	ldrsh	r1, [r1, r3]
 a2a:	0014      	movs	r4, r2
 a2c:	b096      	sub	sp, #88	; 0x58
 a2e:	2900      	cmp	r1, #0
 a30:	da08      	bge.n	a44 <__swhatbuf_r+0x24>
 a32:	220c      	movs	r2, #12
 a34:	5eb3      	ldrsh	r3, [r6, r2]
 a36:	2200      	movs	r2, #0
 a38:	602a      	str	r2, [r5, #0]
 a3a:	061b      	lsls	r3, r3, #24
 a3c:	d411      	bmi.n	a62 <__swhatbuf_r+0x42>
 a3e:	2380      	movs	r3, #128	; 0x80
 a40:	00db      	lsls	r3, r3, #3
 a42:	e00f      	b.n	a64 <__swhatbuf_r+0x44>
 a44:	466a      	mov	r2, sp
 a46:	f000 f9bd 	bl	dc4 <_fstat_r>
 a4a:	2800      	cmp	r0, #0
 a4c:	dbf1      	blt.n	a32 <__swhatbuf_r+0x12>
 a4e:	23f0      	movs	r3, #240	; 0xf0
 a50:	9901      	ldr	r1, [sp, #4]
 a52:	021b      	lsls	r3, r3, #8
 a54:	4019      	ands	r1, r3
 a56:	4b05      	ldr	r3, [pc, #20]	; (a6c <__swhatbuf_r+0x4c>)
 a58:	18c9      	adds	r1, r1, r3
 a5a:	424b      	negs	r3, r1
 a5c:	4159      	adcs	r1, r3
 a5e:	6029      	str	r1, [r5, #0]
 a60:	e7ed      	b.n	a3e <__swhatbuf_r+0x1e>
 a62:	2340      	movs	r3, #64	; 0x40
 a64:	2000      	movs	r0, #0
 a66:	6023      	str	r3, [r4, #0]
 a68:	b016      	add	sp, #88	; 0x58
 a6a:	bd70      	pop	{r4, r5, r6, pc}
 a6c:	ffffe000 	.word	0xffffe000

00000a70 <__smakebuf_r>:
 a70:	b5f7      	push	{r0, r1, r2, r4, r5, r6, r7, lr}
 a72:	2602      	movs	r6, #2
 a74:	898b      	ldrh	r3, [r1, #12]
 a76:	0005      	movs	r5, r0
 a78:	000c      	movs	r4, r1
 a7a:	4233      	tst	r3, r6
 a7c:	d006      	beq.n	a8c <__smakebuf_r+0x1c>
 a7e:	0023      	movs	r3, r4
 a80:	3347      	adds	r3, #71	; 0x47
 a82:	6023      	str	r3, [r4, #0]
 a84:	6123      	str	r3, [r4, #16]
 a86:	2301      	movs	r3, #1
 a88:	6163      	str	r3, [r4, #20]
 a8a:	bdf7      	pop	{r0, r1, r2, r4, r5, r6, r7, pc}
 a8c:	466a      	mov	r2, sp
 a8e:	ab01      	add	r3, sp, #4
 a90:	f7ff ffc6 	bl	a20 <__swhatbuf_r>
 a94:	9900      	ldr	r1, [sp, #0]
 a96:	0007      	movs	r7, r0
 a98:	0028      	movs	r0, r5
 a9a:	f000 f899 	bl	bd0 <_malloc_r>
 a9e:	2800      	cmp	r0, #0
 aa0:	d108      	bne.n	ab4 <__smakebuf_r+0x44>
 aa2:	220c      	movs	r2, #12
 aa4:	5ea3      	ldrsh	r3, [r4, r2]
 aa6:	059a      	lsls	r2, r3, #22
 aa8:	d4ef      	bmi.n	a8a <__smakebuf_r+0x1a>
 aaa:	2203      	movs	r2, #3
 aac:	4393      	bics	r3, r2
 aae:	431e      	orrs	r6, r3
 ab0:	81a6      	strh	r6, [r4, #12]
 ab2:	e7e4      	b.n	a7e <__smakebuf_r+0xe>
 ab4:	4b0f      	ldr	r3, [pc, #60]	; (af4 <__smakebuf_r+0x84>)
 ab6:	62ab      	str	r3, [r5, #40]	; 0x28
 ab8:	2380      	movs	r3, #128	; 0x80
 aba:	89a2      	ldrh	r2, [r4, #12]
 abc:	6020      	str	r0, [r4, #0]
 abe:	4313      	orrs	r3, r2
 ac0:	81a3      	strh	r3, [r4, #12]
 ac2:	9b00      	ldr	r3, [sp, #0]
 ac4:	6120      	str	r0, [r4, #16]
 ac6:	6163      	str	r3, [r4, #20]
 ac8:	9b01      	ldr	r3, [sp, #4]
 aca:	2b00      	cmp	r3, #0
 acc:	d00d      	beq.n	aea <__smakebuf_r+0x7a>
 ace:	0028      	movs	r0, r5
 ad0:	230e      	movs	r3, #14
 ad2:	5ee1      	ldrsh	r1, [r4, r3]
 ad4:	f000 f988 	bl	de8 <_isatty_r>
 ad8:	2800      	cmp	r0, #0
 ada:	d006      	beq.n	aea <__smakebuf_r+0x7a>
 adc:	2203      	movs	r2, #3
 ade:	89a3      	ldrh	r3, [r4, #12]
 ae0:	4393      	bics	r3, r2
 ae2:	001a      	movs	r2, r3
 ae4:	2301      	movs	r3, #1
 ae6:	4313      	orrs	r3, r2
 ae8:	81a3      	strh	r3, [r4, #12]
 aea:	89a0      	ldrh	r0, [r4, #12]
 aec:	4307      	orrs	r7, r0
 aee:	81a7      	strh	r7, [r4, #12]
 af0:	e7cb      	b.n	a8a <__smakebuf_r+0x1a>
 af2:	46c0      	nop			; (mov r8, r8)
 af4:	0000085d 	.word	0x0000085d

00000af8 <_free_r>:
 af8:	b570      	push	{r4, r5, r6, lr}
 afa:	0005      	movs	r5, r0
 afc:	2900      	cmp	r1, #0
 afe:	d010      	beq.n	b22 <_free_r+0x2a>
 b00:	1f0c      	subs	r4, r1, #4
 b02:	6823      	ldr	r3, [r4, #0]
 b04:	2b00      	cmp	r3, #0
 b06:	da00      	bge.n	b0a <_free_r+0x12>
 b08:	18e4      	adds	r4, r4, r3
 b0a:	0028      	movs	r0, r5
 b0c:	f000 f992 	bl	e34 <__malloc_lock>
 b10:	4a1d      	ldr	r2, [pc, #116]	; (b88 <_free_r+0x90>)
 b12:	6813      	ldr	r3, [r2, #0]
 b14:	2b00      	cmp	r3, #0
 b16:	d105      	bne.n	b24 <_free_r+0x2c>
 b18:	6063      	str	r3, [r4, #4]
 b1a:	6014      	str	r4, [r2, #0]
 b1c:	0028      	movs	r0, r5
 b1e:	f000 f991 	bl	e44 <__malloc_unlock>
 b22:	bd70      	pop	{r4, r5, r6, pc}
 b24:	42a3      	cmp	r3, r4
 b26:	d908      	bls.n	b3a <_free_r+0x42>
 b28:	6821      	ldr	r1, [r4, #0]
 b2a:	1860      	adds	r0, r4, r1
 b2c:	4283      	cmp	r3, r0
 b2e:	d1f3      	bne.n	b18 <_free_r+0x20>
 b30:	6818      	ldr	r0, [r3, #0]
 b32:	685b      	ldr	r3, [r3, #4]
 b34:	1841      	adds	r1, r0, r1
 b36:	6021      	str	r1, [r4, #0]
 b38:	e7ee      	b.n	b18 <_free_r+0x20>
 b3a:	001a      	movs	r2, r3
 b3c:	685b      	ldr	r3, [r3, #4]
 b3e:	2b00      	cmp	r3, #0
 b40:	d001      	beq.n	b46 <_free_r+0x4e>
 b42:	42a3      	cmp	r3, r4
 b44:	d9f9      	bls.n	b3a <_free_r+0x42>
 b46:	6811      	ldr	r1, [r2, #0]
 b48:	1850      	adds	r0, r2, r1
 b4a:	42a0      	cmp	r0, r4
 b4c:	d10b      	bne.n	b66 <_free_r+0x6e>
 b4e:	6820      	ldr	r0, [r4, #0]
 b50:	1809      	adds	r1, r1, r0
 b52:	1850      	adds	r0, r2, r1
 b54:	6011      	str	r1, [r2, #0]
 b56:	4283      	cmp	r3, r0
 b58:	d1e0      	bne.n	b1c <_free_r+0x24>
 b5a:	6818      	ldr	r0, [r3, #0]
 b5c:	685b      	ldr	r3, [r3, #4]
 b5e:	1841      	adds	r1, r0, r1
 b60:	6011      	str	r1, [r2, #0]
 b62:	6053      	str	r3, [r2, #4]
 b64:	e7da      	b.n	b1c <_free_r+0x24>
 b66:	42a0      	cmp	r0, r4
 b68:	d902      	bls.n	b70 <_free_r+0x78>
 b6a:	230c      	movs	r3, #12
 b6c:	602b      	str	r3, [r5, #0]
 b6e:	e7d5      	b.n	b1c <_free_r+0x24>
 b70:	6821      	ldr	r1, [r4, #0]
 b72:	1860      	adds	r0, r4, r1
 b74:	4283      	cmp	r3, r0
 b76:	d103      	bne.n	b80 <_free_r+0x88>
 b78:	6818      	ldr	r0, [r3, #0]
 b7a:	685b      	ldr	r3, [r3, #4]
 b7c:	1841      	adds	r1, r0, r1
 b7e:	6021      	str	r1, [r4, #0]
 b80:	6063      	str	r3, [r4, #4]
 b82:	6054      	str	r4, [r2, #4]
 b84:	e7ca      	b.n	b1c <_free_r+0x24>
 b86:	46c0      	nop			; (mov r8, r8)
 b88:	18000094 	.word	0x18000094

00000b8c <sbrk_aligned>:
 b8c:	b570      	push	{r4, r5, r6, lr}
 b8e:	4e0f      	ldr	r6, [pc, #60]	; (bcc <sbrk_aligned+0x40>)
 b90:	000d      	movs	r5, r1
 b92:	6831      	ldr	r1, [r6, #0]
 b94:	0004      	movs	r4, r0
 b96:	2900      	cmp	r1, #0
 b98:	d102      	bne.n	ba0 <sbrk_aligned+0x14>
 b9a:	f000 f88f 	bl	cbc <_sbrk_r>
 b9e:	6030      	str	r0, [r6, #0]
 ba0:	0029      	movs	r1, r5
 ba2:	0020      	movs	r0, r4
 ba4:	f000 f88a 	bl	cbc <_sbrk_r>
 ba8:	1c43      	adds	r3, r0, #1
 baa:	d00a      	beq.n	bc2 <sbrk_aligned+0x36>
 bac:	2303      	movs	r3, #3
 bae:	1cc5      	adds	r5, r0, #3
 bb0:	439d      	bics	r5, r3
 bb2:	42a8      	cmp	r0, r5
 bb4:	d007      	beq.n	bc6 <sbrk_aligned+0x3a>
 bb6:	1a29      	subs	r1, r5, r0
 bb8:	0020      	movs	r0, r4
 bba:	f000 f87f 	bl	cbc <_sbrk_r>
 bbe:	1c43      	adds	r3, r0, #1
 bc0:	d101      	bne.n	bc6 <sbrk_aligned+0x3a>
 bc2:	2501      	movs	r5, #1
 bc4:	426d      	negs	r5, r5
 bc6:	0028      	movs	r0, r5
 bc8:	bd70      	pop	{r4, r5, r6, pc}
 bca:	46c0      	nop			; (mov r8, r8)
 bcc:	18000098 	.word	0x18000098

00000bd0 <_malloc_r>:
 bd0:	b5f7      	push	{r0, r1, r2, r4, r5, r6, r7, lr}
 bd2:	2203      	movs	r2, #3
 bd4:	1ccb      	adds	r3, r1, #3
 bd6:	4393      	bics	r3, r2
 bd8:	3308      	adds	r3, #8
 bda:	0006      	movs	r6, r0
 bdc:	001f      	movs	r7, r3
 bde:	2b0c      	cmp	r3, #12
 be0:	d232      	bcs.n	c48 <_malloc_r+0x78>
 be2:	270c      	movs	r7, #12
 be4:	42b9      	cmp	r1, r7
 be6:	d831      	bhi.n	c4c <_malloc_r+0x7c>
 be8:	0030      	movs	r0, r6
 bea:	f000 f923 	bl	e34 <__malloc_lock>
 bee:	4d32      	ldr	r5, [pc, #200]	; (cb8 <_malloc_r+0xe8>)
 bf0:	682b      	ldr	r3, [r5, #0]
 bf2:	001c      	movs	r4, r3
 bf4:	2c00      	cmp	r4, #0
 bf6:	d12e      	bne.n	c56 <_malloc_r+0x86>
 bf8:	0039      	movs	r1, r7
 bfa:	0030      	movs	r0, r6
 bfc:	f7ff ffc6 	bl	b8c <sbrk_aligned>
 c00:	0004      	movs	r4, r0
 c02:	1c43      	adds	r3, r0, #1
 c04:	d11e      	bne.n	c44 <_malloc_r+0x74>
 c06:	682c      	ldr	r4, [r5, #0]
 c08:	0025      	movs	r5, r4
 c0a:	2d00      	cmp	r5, #0
 c0c:	d14a      	bne.n	ca4 <_malloc_r+0xd4>
 c0e:	6823      	ldr	r3, [r4, #0]
 c10:	0029      	movs	r1, r5
 c12:	18e3      	adds	r3, r4, r3
 c14:	0030      	movs	r0, r6
 c16:	9301      	str	r3, [sp, #4]
 c18:	f000 f850 	bl	cbc <_sbrk_r>
 c1c:	9b01      	ldr	r3, [sp, #4]
 c1e:	4283      	cmp	r3, r0
 c20:	d143      	bne.n	caa <_malloc_r+0xda>
 c22:	6823      	ldr	r3, [r4, #0]
 c24:	3703      	adds	r7, #3
 c26:	1aff      	subs	r7, r7, r3
 c28:	2303      	movs	r3, #3
 c2a:	439f      	bics	r7, r3
 c2c:	3708      	adds	r7, #8
 c2e:	2f0c      	cmp	r7, #12
 c30:	d200      	bcs.n	c34 <_malloc_r+0x64>
 c32:	270c      	movs	r7, #12
 c34:	0039      	movs	r1, r7
 c36:	0030      	movs	r0, r6
 c38:	f7ff ffa8 	bl	b8c <sbrk_aligned>
 c3c:	1c43      	adds	r3, r0, #1
 c3e:	d034      	beq.n	caa <_malloc_r+0xda>
 c40:	6823      	ldr	r3, [r4, #0]
 c42:	19df      	adds	r7, r3, r7
 c44:	6027      	str	r7, [r4, #0]
 c46:	e013      	b.n	c70 <_malloc_r+0xa0>
 c48:	2b00      	cmp	r3, #0
 c4a:	dacb      	bge.n	be4 <_malloc_r+0x14>
 c4c:	230c      	movs	r3, #12
 c4e:	2500      	movs	r5, #0
 c50:	6033      	str	r3, [r6, #0]
 c52:	0028      	movs	r0, r5
 c54:	bdfe      	pop	{r1, r2, r3, r4, r5, r6, r7, pc}
 c56:	6822      	ldr	r2, [r4, #0]
 c58:	1bd1      	subs	r1, r2, r7
 c5a:	d420      	bmi.n	c9e <_malloc_r+0xce>
 c5c:	290b      	cmp	r1, #11
 c5e:	d917      	bls.n	c90 <_malloc_r+0xc0>
 c60:	19e2      	adds	r2, r4, r7
 c62:	6027      	str	r7, [r4, #0]
 c64:	42a3      	cmp	r3, r4
 c66:	d111      	bne.n	c8c <_malloc_r+0xbc>
 c68:	602a      	str	r2, [r5, #0]
 c6a:	6863      	ldr	r3, [r4, #4]
 c6c:	6011      	str	r1, [r2, #0]
 c6e:	6053      	str	r3, [r2, #4]
 c70:	0030      	movs	r0, r6
 c72:	0025      	movs	r5, r4
 c74:	f000 f8e6 	bl	e44 <__malloc_unlock>
 c78:	2207      	movs	r2, #7
 c7a:	350b      	adds	r5, #11
 c7c:	1d23      	adds	r3, r4, #4
 c7e:	4395      	bics	r5, r2
 c80:	1aea      	subs	r2, r5, r3
 c82:	429d      	cmp	r5, r3
 c84:	d0e5      	beq.n	c52 <_malloc_r+0x82>
 c86:	1b5b      	subs	r3, r3, r5
 c88:	50a3      	str	r3, [r4, r2]
 c8a:	e7e2      	b.n	c52 <_malloc_r+0x82>
 c8c:	605a      	str	r2, [r3, #4]
 c8e:	e7ec      	b.n	c6a <_malloc_r+0x9a>
 c90:	6862      	ldr	r2, [r4, #4]
 c92:	42a3      	cmp	r3, r4
 c94:	d101      	bne.n	c9a <_malloc_r+0xca>
 c96:	602a      	str	r2, [r5, #0]
 c98:	e7ea      	b.n	c70 <_malloc_r+0xa0>
 c9a:	605a      	str	r2, [r3, #4]
 c9c:	e7e8      	b.n	c70 <_malloc_r+0xa0>
 c9e:	0023      	movs	r3, r4
 ca0:	6864      	ldr	r4, [r4, #4]
 ca2:	e7a7      	b.n	bf4 <_malloc_r+0x24>
 ca4:	002c      	movs	r4, r5
 ca6:	686d      	ldr	r5, [r5, #4]
 ca8:	e7af      	b.n	c0a <_malloc_r+0x3a>
 caa:	230c      	movs	r3, #12
 cac:	0030      	movs	r0, r6
 cae:	6033      	str	r3, [r6, #0]
 cb0:	f000 f8c8 	bl	e44 <__malloc_unlock>
 cb4:	e7cd      	b.n	c52 <_malloc_r+0x82>
 cb6:	46c0      	nop			; (mov r8, r8)
 cb8:	18000094 	.word	0x18000094

00000cbc <_sbrk_r>:
 cbc:	2300      	movs	r3, #0
 cbe:	b570      	push	{r4, r5, r6, lr}
 cc0:	4d06      	ldr	r5, [pc, #24]	; (cdc <_sbrk_r+0x20>)
 cc2:	0004      	movs	r4, r0
 cc4:	0008      	movs	r0, r1
 cc6:	602b      	str	r3, [r5, #0]
 cc8:	f000 f900 	bl	ecc <_sbrk>
 ccc:	1c43      	adds	r3, r0, #1
 cce:	d103      	bne.n	cd8 <_sbrk_r+0x1c>
 cd0:	682b      	ldr	r3, [r5, #0]
 cd2:	2b00      	cmp	r3, #0
 cd4:	d000      	beq.n	cd8 <_sbrk_r+0x1c>
 cd6:	6023      	str	r3, [r4, #0]
 cd8:	bd70      	pop	{r4, r5, r6, pc}
 cda:	46c0      	nop			; (mov r8, r8)
 cdc:	1800009c 	.word	0x1800009c

00000ce0 <__sread>:
 ce0:	b570      	push	{r4, r5, r6, lr}
 ce2:	000c      	movs	r4, r1
 ce4:	250e      	movs	r5, #14
 ce6:	5f49      	ldrsh	r1, [r1, r5]
 ce8:	f000 f8b4 	bl	e54 <_read_r>
 cec:	2800      	cmp	r0, #0
 cee:	db03      	blt.n	cf8 <__sread+0x18>
 cf0:	6d63      	ldr	r3, [r4, #84]	; 0x54
 cf2:	181b      	adds	r3, r3, r0
 cf4:	6563      	str	r3, [r4, #84]	; 0x54
 cf6:	bd70      	pop	{r4, r5, r6, pc}
 cf8:	89a3      	ldrh	r3, [r4, #12]
 cfa:	4a02      	ldr	r2, [pc, #8]	; (d04 <__sread+0x24>)
 cfc:	4013      	ands	r3, r2
 cfe:	81a3      	strh	r3, [r4, #12]
 d00:	e7f9      	b.n	cf6 <__sread+0x16>
 d02:	46c0      	nop			; (mov r8, r8)
 d04:	ffffefff 	.word	0xffffefff

00000d08 <__swrite>:
 d08:	b5f8      	push	{r3, r4, r5, r6, r7, lr}
 d0a:	001f      	movs	r7, r3
 d0c:	898b      	ldrh	r3, [r1, #12]
 d0e:	0005      	movs	r5, r0
 d10:	000c      	movs	r4, r1
 d12:	0016      	movs	r6, r2
 d14:	05db      	lsls	r3, r3, #23
 d16:	d505      	bpl.n	d24 <__swrite+0x1c>
 d18:	230e      	movs	r3, #14
 d1a:	5ec9      	ldrsh	r1, [r1, r3]
 d1c:	2200      	movs	r2, #0
 d1e:	2302      	movs	r3, #2
 d20:	f000 f874 	bl	e0c <_lseek_r>
 d24:	89a3      	ldrh	r3, [r4, #12]
 d26:	4a05      	ldr	r2, [pc, #20]	; (d3c <__swrite+0x34>)
 d28:	0028      	movs	r0, r5
 d2a:	4013      	ands	r3, r2
 d2c:	81a3      	strh	r3, [r4, #12]
 d2e:	0032      	movs	r2, r6
 d30:	230e      	movs	r3, #14
 d32:	5ee1      	ldrsh	r1, [r4, r3]
 d34:	003b      	movs	r3, r7
 d36:	f000 f81f 	bl	d78 <_write_r>
 d3a:	bdf8      	pop	{r3, r4, r5, r6, r7, pc}
 d3c:	ffffefff 	.word	0xffffefff

00000d40 <__sseek>:
 d40:	b570      	push	{r4, r5, r6, lr}
 d42:	000c      	movs	r4, r1
 d44:	250e      	movs	r5, #14
 d46:	5f49      	ldrsh	r1, [r1, r5]
 d48:	f000 f860 	bl	e0c <_lseek_r>
 d4c:	89a3      	ldrh	r3, [r4, #12]
 d4e:	1c42      	adds	r2, r0, #1
 d50:	d103      	bne.n	d5a <__sseek+0x1a>
 d52:	4a05      	ldr	r2, [pc, #20]	; (d68 <__sseek+0x28>)
 d54:	4013      	ands	r3, r2
 d56:	81a3      	strh	r3, [r4, #12]
 d58:	bd70      	pop	{r4, r5, r6, pc}
 d5a:	2280      	movs	r2, #128	; 0x80
 d5c:	0152      	lsls	r2, r2, #5
 d5e:	4313      	orrs	r3, r2
 d60:	81a3      	strh	r3, [r4, #12]
 d62:	6560      	str	r0, [r4, #84]	; 0x54
 d64:	e7f8      	b.n	d58 <__sseek+0x18>
 d66:	46c0      	nop			; (mov r8, r8)
 d68:	ffffefff 	.word	0xffffefff

00000d6c <__sclose>:
 d6c:	b510      	push	{r4, lr}
 d6e:	230e      	movs	r3, #14
 d70:	5ec9      	ldrsh	r1, [r1, r3]
 d72:	f000 f815 	bl	da0 <_close_r>
 d76:	bd10      	pop	{r4, pc}

00000d78 <_write_r>:
 d78:	b570      	push	{r4, r5, r6, lr}
 d7a:	0004      	movs	r4, r0
 d7c:	0008      	movs	r0, r1
 d7e:	0011      	movs	r1, r2
 d80:	001a      	movs	r2, r3
 d82:	2300      	movs	r3, #0
 d84:	4d05      	ldr	r5, [pc, #20]	; (d9c <_write_r+0x24>)
 d86:	602b      	str	r3, [r5, #0]
 d88:	f7ff fa6c 	bl	264 <_write>
 d8c:	1c43      	adds	r3, r0, #1
 d8e:	d103      	bne.n	d98 <_write_r+0x20>
 d90:	682b      	ldr	r3, [r5, #0]
 d92:	2b00      	cmp	r3, #0
 d94:	d000      	beq.n	d98 <_write_r+0x20>
 d96:	6023      	str	r3, [r4, #0]
 d98:	bd70      	pop	{r4, r5, r6, pc}
 d9a:	46c0      	nop			; (mov r8, r8)
 d9c:	1800009c 	.word	0x1800009c

00000da0 <_close_r>:
 da0:	2300      	movs	r3, #0
 da2:	b570      	push	{r4, r5, r6, lr}
 da4:	4d06      	ldr	r5, [pc, #24]	; (dc0 <_close_r+0x20>)
 da6:	0004      	movs	r4, r0
 da8:	0008      	movs	r0, r1
 daa:	602b      	str	r3, [r5, #0]
 dac:	f000 f866 	bl	e7c <_close>
 db0:	1c43      	adds	r3, r0, #1
 db2:	d103      	bne.n	dbc <_close_r+0x1c>
 db4:	682b      	ldr	r3, [r5, #0]
 db6:	2b00      	cmp	r3, #0
 db8:	d000      	beq.n	dbc <_close_r+0x1c>
 dba:	6023      	str	r3, [r4, #0]
 dbc:	bd70      	pop	{r4, r5, r6, pc}
 dbe:	46c0      	nop			; (mov r8, r8)
 dc0:	1800009c 	.word	0x1800009c

00000dc4 <_fstat_r>:
 dc4:	2300      	movs	r3, #0
 dc6:	b570      	push	{r4, r5, r6, lr}
 dc8:	4d06      	ldr	r5, [pc, #24]	; (de4 <_fstat_r+0x20>)
 dca:	0004      	movs	r4, r0
 dcc:	0008      	movs	r0, r1
 dce:	0011      	movs	r1, r2
 dd0:	602b      	str	r3, [r5, #0]
 dd2:	f000 f85b 	bl	e8c <_fstat>
 dd6:	1c43      	adds	r3, r0, #1
 dd8:	d103      	bne.n	de2 <_fstat_r+0x1e>
 dda:	682b      	ldr	r3, [r5, #0]
 ddc:	2b00      	cmp	r3, #0
 dde:	d000      	beq.n	de2 <_fstat_r+0x1e>
 de0:	6023      	str	r3, [r4, #0]
 de2:	bd70      	pop	{r4, r5, r6, pc}
 de4:	1800009c 	.word	0x1800009c

00000de8 <_isatty_r>:
 de8:	2300      	movs	r3, #0
 dea:	b570      	push	{r4, r5, r6, lr}
 dec:	4d06      	ldr	r5, [pc, #24]	; (e08 <_isatty_r+0x20>)
 dee:	0004      	movs	r4, r0
 df0:	0008      	movs	r0, r1
 df2:	602b      	str	r3, [r5, #0]
 df4:	f000 f852 	bl	e9c <_isatty>
 df8:	1c43      	adds	r3, r0, #1
 dfa:	d103      	bne.n	e04 <_isatty_r+0x1c>
 dfc:	682b      	ldr	r3, [r5, #0]
 dfe:	2b00      	cmp	r3, #0
 e00:	d000      	beq.n	e04 <_isatty_r+0x1c>
 e02:	6023      	str	r3, [r4, #0]
 e04:	bd70      	pop	{r4, r5, r6, pc}
 e06:	46c0      	nop			; (mov r8, r8)
 e08:	1800009c 	.word	0x1800009c

00000e0c <_lseek_r>:
 e0c:	b570      	push	{r4, r5, r6, lr}
 e0e:	0004      	movs	r4, r0
 e10:	0008      	movs	r0, r1
 e12:	0011      	movs	r1, r2
 e14:	001a      	movs	r2, r3
 e16:	2300      	movs	r3, #0
 e18:	4d05      	ldr	r5, [pc, #20]	; (e30 <_lseek_r+0x24>)
 e1a:	602b      	str	r3, [r5, #0]
 e1c:	f000 f846 	bl	eac <_lseek>
 e20:	1c43      	adds	r3, r0, #1
 e22:	d103      	bne.n	e2c <_lseek_r+0x20>
 e24:	682b      	ldr	r3, [r5, #0]
 e26:	2b00      	cmp	r3, #0
 e28:	d000      	beq.n	e2c <_lseek_r+0x20>
 e2a:	6023      	str	r3, [r4, #0]
 e2c:	bd70      	pop	{r4, r5, r6, pc}
 e2e:	46c0      	nop			; (mov r8, r8)
 e30:	1800009c 	.word	0x1800009c

00000e34 <__malloc_lock>:
 e34:	b510      	push	{r4, lr}
 e36:	4802      	ldr	r0, [pc, #8]	; (e40 <__malloc_lock+0xc>)
 e38:	f7ff fdef 	bl	a1a <__retarget_lock_acquire_recursive>
 e3c:	bd10      	pop	{r4, pc}
 e3e:	46c0      	nop			; (mov r8, r8)
 e40:	18000090 	.word	0x18000090

00000e44 <__malloc_unlock>:
 e44:	b510      	push	{r4, lr}
 e46:	4802      	ldr	r0, [pc, #8]	; (e50 <__malloc_unlock+0xc>)
 e48:	f7ff fde8 	bl	a1c <__retarget_lock_release_recursive>
 e4c:	bd10      	pop	{r4, pc}
 e4e:	46c0      	nop			; (mov r8, r8)
 e50:	18000090 	.word	0x18000090

00000e54 <_read_r>:
 e54:	b570      	push	{r4, r5, r6, lr}
 e56:	0004      	movs	r4, r0
 e58:	0008      	movs	r0, r1
 e5a:	0011      	movs	r1, r2
 e5c:	001a      	movs	r2, r3
 e5e:	2300      	movs	r3, #0
 e60:	4d05      	ldr	r5, [pc, #20]	; (e78 <_read_r+0x24>)
 e62:	602b      	str	r3, [r5, #0]
 e64:	f000 f82a 	bl	ebc <_read>
 e68:	1c43      	adds	r3, r0, #1
 e6a:	d103      	bne.n	e74 <_read_r+0x20>
 e6c:	682b      	ldr	r3, [r5, #0]
 e6e:	2b00      	cmp	r3, #0
 e70:	d000      	beq.n	e74 <_read_r+0x20>
 e72:	6023      	str	r3, [r4, #0]
 e74:	bd70      	pop	{r4, r5, r6, pc}
 e76:	46c0      	nop			; (mov r8, r8)
 e78:	1800009c 	.word	0x1800009c

00000e7c <_close>:
 e7c:	2258      	movs	r2, #88	; 0x58
 e7e:	2001      	movs	r0, #1
 e80:	4b01      	ldr	r3, [pc, #4]	; (e88 <_close+0xc>)
 e82:	4240      	negs	r0, r0
 e84:	601a      	str	r2, [r3, #0]
 e86:	4770      	bx	lr
 e88:	1800009c 	.word	0x1800009c

00000e8c <_fstat>:
 e8c:	2258      	movs	r2, #88	; 0x58
 e8e:	2001      	movs	r0, #1
 e90:	4b01      	ldr	r3, [pc, #4]	; (e98 <_fstat+0xc>)
 e92:	4240      	negs	r0, r0
 e94:	601a      	str	r2, [r3, #0]
 e96:	4770      	bx	lr
 e98:	1800009c 	.word	0x1800009c

00000e9c <_isatty>:
 e9c:	2258      	movs	r2, #88	; 0x58
 e9e:	4b02      	ldr	r3, [pc, #8]	; (ea8 <_isatty+0xc>)
 ea0:	2000      	movs	r0, #0
 ea2:	601a      	str	r2, [r3, #0]
 ea4:	4770      	bx	lr
 ea6:	46c0      	nop			; (mov r8, r8)
 ea8:	1800009c 	.word	0x1800009c

00000eac <_lseek>:
 eac:	2258      	movs	r2, #88	; 0x58
 eae:	2001      	movs	r0, #1
 eb0:	4b01      	ldr	r3, [pc, #4]	; (eb8 <_lseek+0xc>)
 eb2:	4240      	negs	r0, r0
 eb4:	601a      	str	r2, [r3, #0]
 eb6:	4770      	bx	lr
 eb8:	1800009c 	.word	0x1800009c

00000ebc <_read>:
 ebc:	2258      	movs	r2, #88	; 0x58
 ebe:	2001      	movs	r0, #1
 ec0:	4b01      	ldr	r3, [pc, #4]	; (ec8 <_read+0xc>)
 ec2:	4240      	negs	r0, r0
 ec4:	601a      	str	r2, [r3, #0]
 ec6:	4770      	bx	lr
 ec8:	1800009c 	.word	0x1800009c

00000ecc <_sbrk>:
 ecc:	4a04      	ldr	r2, [pc, #16]	; (ee0 <_sbrk+0x14>)
 ece:	0003      	movs	r3, r0
 ed0:	6810      	ldr	r0, [r2, #0]
 ed2:	2800      	cmp	r0, #0
 ed4:	d002      	beq.n	edc <_sbrk+0x10>
 ed6:	18c3      	adds	r3, r0, r3
 ed8:	6013      	str	r3, [r2, #0]
 eda:	4770      	bx	lr
 edc:	4801      	ldr	r0, [pc, #4]	; (ee4 <_sbrk+0x18>)
 ede:	e7fa      	b.n	ed6 <_sbrk+0xa>
 ee0:	180000a0 	.word	0x180000a0
 ee4:	180000a8 	.word	0x180000a8

00000ee8 <_exit>:
 ee8:	e7fe      	b.n	ee8 <_exit>
 eea:	46c0      	nop			; (mov r8, r8)

00000eec <_init>:
 eec:	b5f8      	push	{r3, r4, r5, r6, r7, lr}
 eee:	46c0      	nop			; (mov r8, r8)
 ef0:	bcf8      	pop	{r3, r4, r5, r6, r7}
 ef2:	bc08      	pop	{r3}
 ef4:	469e      	mov	lr, r3
 ef6:	4770      	bx	lr

00000ef8 <_fini>:
 ef8:	b5f8      	push	{r3, r4, r5, r6, r7, lr}
 efa:	46c0      	nop			; (mov r8, r8)
 efc:	bcf8      	pop	{r3, r4, r5, r6, r7}
 efe:	bc08      	pop	{r3}
 f00:	469e      	mov	lr, r3
 f02:	4770      	bx	lr
 f04:	6c6c6548 	.word	0x6c6c6548
 f08:	6f77206f 	.word	0x6f77206f
 f0c:	00646c72 	.word	0x00646c72
 f10:	54202a2a 	.word	0x54202a2a
 f14:	20545345 	.word	0x20545345
 f18:	53534150 	.word	0x53534150
 f1c:	2a204445 	.word	0x2a204445
 f20:	0000002a 	.word	0x0000002a

00000f24 <_global_impure_ptr>:
 f24:	1800000c                                ....

00000f28 <__sf_fake_stderr>:
	...

00000f48 <__sf_fake_stdin>:
	...

00000f68 <__sf_fake_stdout>:
	...

00000f88 <__EH_FRAME_BEGIN__>:
 f88:	00000000                                ....
